Archive member included to satisfy reference by file (symbol)

D:/PhanMemSTM32CUBE/PhanmemCUBEIDE+workspace/STM32CubeIDE/plugins/com.st.stm32cube.ide.mcu.externaltools.gnu-tools-for-stm32.11.3.rel1.win32_1.1.100.202309141235/tools/bin/../lib/gcc/arm-none-eabi/11.3.1/../../../../arm-none-eabi/lib/thumb/v7-m/nofp\libc_nano.a(libc_a-exit.o)
                              D:/PhanMemSTM32CUBE/PhanmemCUBEIDE+workspace/STM32CubeIDE/plugins/com.st.stm32cube.ide.mcu.externaltools.gnu-tools-for-stm32.11.3.rel1.win32_1.1.100.202309141235/tools/bin/../lib/gcc/arm-none-eabi/11.3.1/../../../../arm-none-eabi/lib/thumb/v7-m/nofp/crt0.o (exit)
D:/PhanMemSTM32CUBE/PhanmemCUBEIDE+workspace/STM32CubeIDE/plugins/com.st.stm32cube.ide.mcu.externaltools.gnu-tools-for-stm32.11.3.rel1.win32_1.1.100.202309141235/tools/bin/../lib/gcc/arm-none-eabi/11.3.1/../../../../arm-none-eabi/lib/thumb/v7-m/nofp\libc_nano.a(libc_a-malloc.o)
                              ./Core/Src/scheduler.o (malloc)
D:/PhanMemSTM32CUBE/PhanmemCUBEIDE+workspace/STM32CubeIDE/plugins/com.st.stm32cube.ide.mcu.externaltools.gnu-tools-for-stm32.11.3.rel1.win32_1.1.100.202309141235/tools/bin/../lib/gcc/arm-none-eabi/11.3.1/../../../../arm-none-eabi/lib/thumb/v7-m/nofp\libc_nano.a(libc_a-mallocr.o)
                              D:/PhanMemSTM32CUBE/PhanmemCUBEIDE+workspace/STM32CubeIDE/plugins/com.st.stm32cube.ide.mcu.externaltools.gnu-tools-for-stm32.11.3.rel1.win32_1.1.100.202309141235/tools/bin/../lib/gcc/arm-none-eabi/11.3.1/../../../../arm-none-eabi/lib/thumb/v7-m/nofp\libc_nano.a(libc_a-malloc.o) (_malloc_r)
D:/PhanMemSTM32CUBE/PhanmemCUBEIDE+workspace/STM32CubeIDE/plugins/com.st.stm32cube.ide.mcu.externaltools.gnu-tools-for-stm32.11.3.rel1.win32_1.1.100.202309141235/tools/bin/../lib/gcc/arm-none-eabi/11.3.1/../../../../arm-none-eabi/lib/thumb/v7-m/nofp\libc_nano.a(libc_a-mlock.o)
                              D:/PhanMemSTM32CUBE/PhanmemCUBEIDE+workspace/STM32CubeIDE/plugins/com.st.stm32cube.ide.mcu.externaltools.gnu-tools-for-stm32.11.3.rel1.win32_1.1.100.202309141235/tools/bin/../lib/gcc/arm-none-eabi/11.3.1/../../../../arm-none-eabi/lib/thumb/v7-m/nofp\libc_nano.a(libc_a-mallocr.o) (__malloc_lock)
D:/PhanMemSTM32CUBE/PhanmemCUBEIDE+workspace/STM32CubeIDE/plugins/com.st.stm32cube.ide.mcu.externaltools.gnu-tools-for-stm32.11.3.rel1.win32_1.1.100.202309141235/tools/bin/../lib/gcc/arm-none-eabi/11.3.1/../../../../arm-none-eabi/lib/thumb/v7-m/nofp\libc_nano.a(libc_a-findfp.o)
                              D:/PhanMemSTM32CUBE/PhanmemCUBEIDE+workspace/STM32CubeIDE/plugins/com.st.stm32cube.ide.mcu.externaltools.gnu-tools-for-stm32.11.3.rel1.win32_1.1.100.202309141235/tools/bin/../lib/gcc/arm-none-eabi/11.3.1/../../../../arm-none-eabi/lib/thumb/v7-m/nofp\libc_nano.a(libc_a-exit.o) (__stdio_exit_handler)
D:/PhanMemSTM32CUBE/PhanmemCUBEIDE+workspace/STM32CubeIDE/plugins/com.st.stm32cube.ide.mcu.externaltools.gnu-tools-for-stm32.11.3.rel1.win32_1.1.100.202309141235/tools/bin/../lib/gcc/arm-none-eabi/11.3.1/../../../../arm-none-eabi/lib/thumb/v7-m/nofp\libc_nano.a(libc_a-fwalk.o)
                              D:/PhanMemSTM32CUBE/PhanmemCUBEIDE+workspace/STM32CubeIDE/plugins/com.st.stm32cube.ide.mcu.externaltools.gnu-tools-for-stm32.11.3.rel1.win32_1.1.100.202309141235/tools/bin/../lib/gcc/arm-none-eabi/11.3.1/../../../../arm-none-eabi/lib/thumb/v7-m/nofp\libc_nano.a(libc_a-findfp.o) (_fwalk_sglue)
D:/PhanMemSTM32CUBE/PhanmemCUBEIDE+workspace/STM32CubeIDE/plugins/com.st.stm32cube.ide.mcu.externaltools.gnu-tools-for-stm32.11.3.rel1.win32_1.1.100.202309141235/tools/bin/../lib/gcc/arm-none-eabi/11.3.1/../../../../arm-none-eabi/lib/thumb/v7-m/nofp\libc_nano.a(libc_a-stdio.o)
                              D:/PhanMemSTM32CUBE/PhanmemCUBEIDE+workspace/STM32CubeIDE/plugins/com.st.stm32cube.ide.mcu.externaltools.gnu-tools-for-stm32.11.3.rel1.win32_1.1.100.202309141235/tools/bin/../lib/gcc/arm-none-eabi/11.3.1/../../../../arm-none-eabi/lib/thumb/v7-m/nofp\libc_nano.a(libc_a-findfp.o) (__sread)
D:/PhanMemSTM32CUBE/PhanmemCUBEIDE+workspace/STM32CubeIDE/plugins/com.st.stm32cube.ide.mcu.externaltools.gnu-tools-for-stm32.11.3.rel1.win32_1.1.100.202309141235/tools/bin/../lib/gcc/arm-none-eabi/11.3.1/../../../../arm-none-eabi/lib/thumb/v7-m/nofp\libc_nano.a(libc_a-memset.o)
                              D:/PhanMemSTM32CUBE/PhanmemCUBEIDE+workspace/STM32CubeIDE/plugins/com.st.stm32cube.ide.mcu.externaltools.gnu-tools-for-stm32.11.3.rel1.win32_1.1.100.202309141235/tools/bin/../lib/gcc/arm-none-eabi/11.3.1/../../../../arm-none-eabi/lib/thumb/v7-m/nofp/crt0.o (memset)
D:/PhanMemSTM32CUBE/PhanmemCUBEIDE+workspace/STM32CubeIDE/plugins/com.st.stm32cube.ide.mcu.externaltools.gnu-tools-for-stm32.11.3.rel1.win32_1.1.100.202309141235/tools/bin/../lib/gcc/arm-none-eabi/11.3.1/../../../../arm-none-eabi/lib/thumb/v7-m/nofp\libc_nano.a(libc_a-closer.o)
[...]
Memory Configuration

Name             Origin             Length             Attributes
RAM              0x0000000020000000 0x0000000000002800 xrw
FLASH            0x0000000008000000 0x0000000000008000 xr
*default*        0x0000000000000000 0xffffffffffffffff

Linker script and memory map

LOAD D:/PhanMemSTM32CUBE/PhanmemCUBEIDE+workspace/STM32CubeIDE/plugins/com.st.stm32cube.ide.mcu.externaltools.gnu-tools-for-stm32.11.3.rel1.win32_1.1.100.202309141235/tools/bin/../lib/gcc/arm-none-eabi/11.3.1/thumb/v7-m/nofp/crti.o
LOAD D:/PhanMemSTM32CUBE/PhanmemCUBEIDE+workspace/STM32CubeIDE/plugins/com.st.stm32cube.ide.mcu.externaltools.gnu-tools-for-stm32.11.3.rel1.win32_1.1.100.202309141235/tools/bin/../lib/gcc/arm-none-eabi/11.3.1/thumb/v7-m/nofp/crtbegin.o
LOAD D:/PhanMemSTM32CUBE/PhanmemCUBEIDE+workspace/STM32CubeIDE/plugins/com.st.stm32cube.ide.mcu.externaltools.gnu-tools-for-stm32.11.3.rel1.win32_1.1.100.202309141235/tools/bin/../lib/gcc/arm-none-eabi/11.3.1/../../../../arm-none-eabi/lib/thumb/v7-m/nofp/crt0.o
LOAD ./Core/Src/button.o
LOAD ./Core/Src/fsm_automatic.o
LOAD ./Core/Src/fsm_manual.o
LOAD ./Core/Src/global.o
LOAD ./Core/Src/led7_segment.o
LOAD ./Core/Src/main.o
LOAD ./Core/Src/scheduler.o
LOAD ./Core/Src/software_timer.o
LOAD ./Core/Src/stm32f1xx_hal_msp.o
LOAD ./Core/Src/stm32f1xx_it.o
LOAD ./Core/Src/syscalls.o
LOAD ./Core/Src/sysmem.o
LOAD ./Core/Src/system_stm32f1xx.o
LOAD ./Core/Src/traffic_light.o
LOAD ./Core/Startup/startup_stm32f103c6tx.o
LOAD ./Drivers/STM32F1xx_HAL_Driver/Src/stm32f1xx_hal.o
LOAD ./Drivers/STM32F1xx_HAL_Driver/Src/stm32f1xx_hal_cortex.o
LOAD ./Drivers/STM32F1xx_HAL_Driver/Src/stm32f1xx_hal_dma.o
LOAD ./Drivers/STM32F1xx_HAL_Driver/Src/stm32f1xx_hal_exti.o
LOAD ./Drivers/STM32F1xx_HAL_Driver/Src/stm32f1xx_hal_flash.o
LOAD ./Drivers/STM32F1xx_HAL_Driver/Src/stm32f1xx_hal_flash_ex.o
LOAD ./Drivers/STM32F1xx_HAL_Driver/Src/stm32f1xx_hal_gpio.o
LOAD ./Drivers/STM32F1xx_HAL_Driver/Src/stm32f1xx_hal_gpio_ex.o
LOAD ./Drivers/STM32F1xx_HAL_Driver/Src/stm32f1xx_hal_pwr.o
LOAD ./Drivers/STM32F1xx_HAL_Driver/Src/stm32f1xx_hal_rcc.o
LOAD ./Drivers/STM32F1xx_HAL_Driver/Src/stm32f1xx_hal_rcc_ex.o
LOAD ./Drivers/STM32F1xx_HAL_Driver/Src/stm32f1xx_hal_tim.o
LOAD ./Drivers/STM32F1xx_HAL_Driver/Src/stm32f1xx_hal_tim_ex.o
START GROUP
LOAD D:/PhanMemSTM32CUBE/PhanmemCUBEIDE+workspace/STM32CubeIDE/plugins/com.st.stm32cube.ide.mcu.externaltools.gnu-tools-for-stm32.11.3.rel1.win32_1.1.100.202309141235/tools/bin/../lib/gcc/arm-none-eabi/11.3.1/../../../../arm-none-eabi/lib/thumb/v7-m/nofp\libc_nano.a
LOAD D:/PhanMemSTM32CUBE/PhanmemCUBEIDE+workspace/STM32CubeIDE/plugins/com.st.stm32cube.ide.mcu.externaltools.gnu-tools-for-stm32.11.3.rel1.win32_1.1.100.202309141235/tools/bin/../lib/gcc/arm-none-eabi/11.3.1/../../../../arm-none-eabi/lib/thumb/v7-m/nofp\libm.a
END GROUP
START GROUP
LOAD D:/PhanMemSTM32CUBE/PhanmemCUBEIDE+workspace/STM32CubeIDE/plugins/com.st.stm32cube.ide.mcu.externaltools.gnu-tools-for-stm32.11.3.rel1.win32_1.1.100.202309141235/tools/bin/../lib/gcc/arm-none-eabi/11.3.1/thumb/v7-m/nofp\libgcc.a
LOAD D:/PhanMemSTM32CUBE/PhanmemCUBEIDE+workspace/STM32CubeIDE/plugins/com.st.stm32cube.ide.mcu.externaltools.gnu-tools-for-stm32.11.3.rel1.win32_1.1.100.202309141235/tools/bin/../lib/gcc/arm-none-eabi/11.3.1/../../../../arm-none-eabi/lib/thumb/v7-m/nofp\libc_nano.a
END GROUP
START GROUP
LOAD D:/PhanMemSTM32CUBE/PhanmemCUBEIDE+workspace/STM32CubeIDE/plugins/com.st.stm32cube.ide.mcu.externaltools.gnu-tools-for-stm32.11.3.rel1.win32_1.1.100.202309141235/tools/bin/../lib/gcc/arm-none-eabi/11.3.1/thumb/v7-m/nofp\libgcc.a
LOAD D:/PhanMemSTM32CUBE/PhanmemCUBEIDE+workspace/STM32CubeIDE/plugins/com.st.stm32cube.ide.mcu.externaltools.gnu-tools-for-stm32.11.3.rel1.win32_1.1.100.202309141235/tools/bin/../lib/gcc/arm-none-eabi/11.3.1/../../../../arm-none-eabi/lib/thumb/v7-m/nofp\libc_nano.a
LOAD D:/PhanMemSTM32CUBE/PhanmemCUBEIDE+workspace/STM32CubeIDE/plugins/com.st.stm32cube.ide.mcu.externaltools.gnu-tools-for-stm32.11.3.rel1.win32_1.1.100.202309141235/tools/bin/../lib/gcc/arm-none-eabi/11.3.1/../../../../arm-none-eabi/lib/thumb/v7-m/nofp\libnosys.a
END GROUP
START GROUP
LOAD D:/PhanMemSTM32CUBE/PhanmemCUBEIDE+workspace/STM32CubeIDE/plugins/com.st.stm32cube.ide.mcu.externaltools.gnu-tools-for-stm32.11.3.rel1.win32_1.1.100.202309141235/tools/bin/../lib/gcc/arm-none-eabi/11.3.1/thumb/v7-m/nofp\libgcc.a
LOAD D:/PhanMemSTM32CUBE/PhanmemCUBEIDE+workspace/STM32CubeIDE/plugins/com.st.stm32cube.ide.mcu.externaltools.gnu-tools-for-stm32.11.3.rel1.win32_1.1.100.202309141235/tools/bin/../lib/gcc/arm-none-eabi/11.3.1/../../../../arm-none-eabi/lib/thumb/v7-m/nofp\libc_nano.a
LOAD D:/PhanMemSTM32CUBE/PhanmemCUBEIDE+workspace/STM32CubeIDE/plugins/com.st.stm32cube.ide.mcu.externaltools.gnu-tools-for-stm32.11.3.rel1.win32_1.1.100.202309141235/tools/bin/../lib/gcc/arm-none-eabi/11.3.1/../../../../arm-none-eabi/lib/thumb/v7-m/nofp\libnosys.a
END GROUP
LOAD D:/PhanMemSTM32CUBE/PhanmemCUBEIDE+workspace/STM32CubeIDE/plugins/com.st.stm32cube.ide.mcu.externaltools.gnu-tools-for-stm32.11.3.rel1.win32_1.1.100.202309141235/tools/bin/../lib/gcc/arm-none-eabi/11.3.1/thumb/v7-m/nofp/crtend.o
LOAD D:/PhanMemSTM32CUBE/PhanmemCUBEIDE+workspace/STM32CubeIDE/plugins/com.st.stm32cube.ide.mcu.externaltools.gnu-tools-for-stm32.11.3.rel1.win32_1.1.100.202309141235/tools/bin/../lib/gcc/arm-none-eabi/11.3.1/thumb/v7-m/nofp/crtn.o
                0x0000000020002800                _estack = (ORIGIN (RAM) + LENGTH (RAM))
                0x0000000000000200                _Min_Heap_Size = 0x200
                0x0000000000000400                _Min_Stack_Size = 0x400

.isr_vector     0x0000000008000000      0x10c
                0x0000000008000000                . = ALIGN (0x4)
 *(.isr_vector)
 .isr_vector    0x0000000008000000      0x10c ./Core/Startup/startup_stm32f103c6tx.o
                0x0000000008000000                g_pfnVectors
                0x000000000800010c                . = ALIGN (0x4)

.text           0x000000000800010c     0x36fc
                0x000000000800010c                . = ALIGN (0x4)
 *(.text)
 .text          0x000000000800010c       0x40 D:/PhanMemSTM32CUBE/PhanmemCUBEIDE+workspace/STM32CubeIDE/plugins/com.st.stm32cube.ide.mcu.externaltools.gnu-tools-for-stm32.11.3.rel1.win32_1.1.100.202309141235/tools/bin/../lib/gcc/arm-none-eabi/11.3.1/thumb/v7-m/nofp/crtbegin.o
 *(.text*)
 .text.subkey   0x000000000800014c       0x20 ./Core/Src/button.o
                0x000000000800014c                subkey
 .text.getKeyInput
                0x000000000800016c      0x154 ./Core/Src/button.o
                0x000000000800016c                getKeyInput
 .text.fsm_automatic_Run
                0x00000000080002c0      0x738 ./Core/Src/fsm_automatic.o
                0x00000000080002c0                fsm_automatic_Run
 .text.fsm_manual_Run
                0x00000000080009f8      0x614 ./Core/Src/fsm_manual.o
                0x00000000080009f8                fsm_manual_Run
 .text.display_1
                0x000000000800100c      0x334 ./Core/Src/led7_segment.o
                0x000000000800100c                display_1
 .text.display_2
                0x0000000008001340      0x3ac ./Core/Src/led7_segment.o
                0x0000000008001340                display_2
 .text.led1test
                0x00000000080016ec       0x14 ./Core/Src/main.o
                0x00000000080016ec                led1test
 .text.main     0x0000000008001700       0x78 ./Core/Src/main.o
                0x0000000008001700                main
 .text.SystemClock_Config
                0x0000000008001778       0x76 ./Core/Src/main.o
                0x0000000008001778                SystemClock_Config
 *fill*         0x00000000080017ee        0x2 
 .text.MX_TIM2_Init
                0x00000000080017f0       0x98 ./Core/Src/main.o
 .text.MX_GPIO_Init
                0x0000000008001888       0xc8 ./Core/Src/main.o
 .text.HAL_TIM_PeriodElapsedCallback
                0x0000000008001950       0x14 ./Core/Src/main.o
                0x0000000008001950                HAL_TIM_PeriodElapsedCallback
 .text.Error_Handler
                0x0000000008001964        0xa ./Core/Src/main.o
                0x0000000008001964                Error_Handler
 *fill*         0x000000000800196e        0x2 
 .text.SCH_Init
                0x0000000008001970       0x20 ./Core/Src/scheduler.o
                0x0000000008001970                SCH_Init
 .text.createNode
                0x0000000008001990       0x5c ./Core/Src/scheduler.o
                0x0000000008001990                createNode
 .text.SCH_Add_Task
                0x00000000080019ec       0x64 ./Core/Src/scheduler.o
                0x00000000080019ec                SCH_Add_Task
 .text.SCH_Update
                0x0000000008001a50       0x18 ./Core/Src/scheduler.o
                0x0000000008001a50                SCH_Update
 .text.SCH_Dispatch_Tasks
                0x0000000008001a68       0x7c ./Core/Src/scheduler.o
                0x0000000008001a68                SCH_Dispatch_Tasks
 .text.deleteNodeByTaskID
                0x0000000008001ae4       0x60 ./Core/Src/scheduler.o
                0x0000000008001ae4                deleteNodeByTaskID
 .text.setTimer_1s1
                0x0000000008001b44       0x28 ./Core/Src/software_timer.o
                0x0000000008001b44                setTimer_1s1
 .text.setTimer_EN_GR1
                0x0000000008001b6c       0x28 ./Core/Src/software_timer.o
                0x0000000008001b6c                setTimer_EN_GR1
 .text.setTimer_2hz
                0x0000000008001b94       0x28 ./Core/Src/software_timer.o
                0x0000000008001b94                setTimer_2hz
 .text.timerRun
                0x0000000008001bbc       0x84 ./Core/Src/software_timer.o
                0x0000000008001bbc                timerRun
 .text.HAL_MspInit
                0x0000000008001c40       0x64 ./Core/Src/stm32f1xx_hal_msp.o
                0x0000000008001c40                HAL_MspInit
 .text.HAL_TIM_Base_MspInit
                0x0000000008001ca4       0x48 ./Core/Src/stm32f1xx_hal_msp.o
                0x0000000008001ca4                HAL_TIM_Base_MspInit
 .text.NMI_Handler
                0x0000000008001cec        0x6 ./Core/Src/stm32f1xx_it.o
                0x0000000008001cec                NMI_Handler
 .text.HardFault_Handler
                0x0000000008001cf2        0x6 ./Core/Src/stm32f1xx_it.o
                0x0000000008001cf2                HardFault_Handler
 .text.MemManage_Handler
                0x0000000008001cf8        0x6 ./Core/Src/stm32f1xx_it.o
                0x0000000008001cf8                MemManage_Handler
 .text.BusFault_Handler
                0x0000000008001cfe        0x6 ./Core/Src/stm32f1xx_it.o
                0x0000000008001cfe                BusFault_Handler
 .text.UsageFault_Handler
                0x0000000008001d04        0x6 ./Core/Src/stm32f1xx_it.o
                0x0000000008001d04                UsageFault_Handler
 .text.SVC_Handler
                0x0000000008001d0a        0xc ./Core/Src/stm32f1xx_it.o
                0x0000000008001d0a                SVC_Handler
 .text.DebugMon_Handler
                0x0000000008001d16        0xc ./Core/Src/stm32f1xx_it.o
                0x0000000008001d16                DebugMon_Handler
 .text.PendSV_Handler
                0x0000000008001d22        0xc ./Core/Src/stm32f1xx_it.o
                0x0000000008001d22                PendSV_Handler
 .text.SysTick_Handler
                0x0000000008001d2e        0xc ./Core/Src/stm32f1xx_it.o
                0x0000000008001d2e                SysTick_Handler
 *fill*         0x0000000008001d3a        0x2 
 .text.TIM2_IRQHandler
                0x0000000008001d3c       0x14 ./Core/Src/stm32f1xx_it.o
                0x0000000008001d3c                TIM2_IRQHandler
 .text._sbrk    0x0000000008001d50       0x6c ./Core/Src/sysmem.o
                0x0000000008001d50                _sbrk
 .text.SystemInit
                0x0000000008001dbc        0xc ./Core/Src/system_stm32f1xx.o
                0x0000000008001dbc                SystemInit
 .text.light_1  0x0000000008001dc8       0xb8 ./Core/Src/traffic_light.o
                0x0000000008001dc8                light_1
 .text.light_2  0x0000000008001e80       0xb8 ./Core/Src/traffic_light.o
                0x0000000008001e80                light_2
 .text.Reset_Handler
                0x0000000008001f38       0x48 ./Core/Startup/startup_stm32f103c6tx.o
                0x0000000008001f38                Reset_Handler
 .text.Default_Handler
                0x0000000008001f80        0x2 ./Core/Startup/startup_stm32f103c6tx.o
                0x0000000008001f80                RTC_Alarm_IRQHandler
                0x0000000008001f80                EXTI2_IRQHandler
                0x0000000008001f80                TIM1_CC_IRQHandler
                0x0000000008001f80                PVD_IRQHandler
                0x0000000008001f80                EXTI3_IRQHandler
                0x0000000008001f80                EXTI0_IRQHandler
                0x0000000008001f80                ADC1_2_IRQHandler
                0x0000000008001f80                SPI1_IRQHandler
                0x0000000008001f80                TAMPER_IRQHandler
                0x0000000008001f80                DMA1_Channel4_IRQHandler
                0x0000000008001f80                RTC_IRQHandler
                0x0000000008001f80                DMA1_Channel7_IRQHandler
                0x0000000008001f80                CAN1_RX1_IRQHandler
                0x0000000008001f80                I2C1_EV_IRQHandler
                0x0000000008001f80                DMA1_Channel6_IRQHandler
                0x0000000008001f80                TIM3_IRQHandler
                0x0000000008001f80                RCC_IRQHandler
                0x0000000008001f80                TIM1_TRG_COM_IRQHandler
                0x0000000008001f80                DMA1_Channel1_IRQHandler
                0x0000000008001f80                Default_Handler
                0x0000000008001f80                EXTI15_10_IRQHandler
                0x0000000008001f80                EXTI9_5_IRQHandler
                0x0000000008001f80                DMA1_Channel5_IRQHandler
                0x0000000008001f80                EXTI4_IRQHandler
                0x0000000008001f80                USB_LP_CAN1_RX0_IRQHandler
                0x0000000008001f80                USB_HP_CAN1_TX_IRQHandler
                0x0000000008001f80                DMA1_Channel3_IRQHandler
                0x0000000008001f80                TIM1_UP_IRQHandler
                0x0000000008001f80                WWDG_IRQHandler
                0x0000000008001f80                TIM1_BRK_IRQHandler
                0x0000000008001f80                EXTI1_IRQHandler
                0x0000000008001f80                USART2_IRQHandler
                0x0000000008001f80                DMA1_Channel2_IRQHandler
                0x0000000008001f80                CAN1_SCE_IRQHandler
                0x0000000008001f80                FLASH_IRQHandler
                0x0000000008001f80                USART1_IRQHandler
                0x0000000008001f80                I2C1_ER_IRQHandler
                0x0000000008001f80                USBWakeUp_IRQHandler
 *fill*         0x0000000008001f82        0x2 
 .text.HAL_Init
                0x0000000008001f84       0x2c ./Drivers/STM32F1xx_HAL_Driver/Src/stm32f1xx_hal.o
                0x0000000008001f84                HAL_Init
 .text.HAL_InitTick
                0x0000000008001fb0       0x60 ./Drivers/STM32F1xx_HAL_Driver/Src/stm32f1xx_hal.o
                0x0000000008001fb0                HAL_InitTick
 .text.HAL_IncTick
                0x0000000008002010       0x24 ./Drivers/STM32F1xx_HAL_Driver/Src/stm32f1xx_hal.o
                0x0000000008002010                HAL_IncTick
 .text.HAL_GetTick
                0x0000000008002034       0x14 ./Drivers/STM32F1xx_HAL_Driver/Src/stm32f1xx_hal.o
                0x0000000008002034                HAL_GetTick
 .text.__NVIC_SetPriorityGrouping
                0x0000000008002048       0x48 ./Drivers/STM32F1xx_HAL_Driver/Src/stm32f1xx_hal_cortex.o
 .text.__NVIC_GetPriorityGrouping
                0x0000000008002090       0x1c ./Drivers/STM32F1xx_HAL_Driver/Src/stm32f1xx_hal_cortex.o
 .text.__NVIC_EnableIRQ
                0x00000000080020ac       0x38 ./Drivers/STM32F1xx_HAL_Driver/Src/stm32f1xx_hal_cortex.o
 .text.__NVIC_SetPriority
                0x00000000080020e4       0x54 ./Drivers/STM32F1xx_HAL_Driver/Src/stm32f1xx_hal_cortex.o
 .text.NVIC_EncodePriority
                0x0000000008002138       0x64 ./Drivers/STM32F1xx_HAL_Driver/Src/stm32f1xx_hal_cortex.o
 .text.SysTick_Config
                0x000000000800219c       0x44 ./Drivers/STM32F1xx_HAL_Driver/Src/stm32f1xx_hal_cortex.o
 .text.HAL_NVIC_SetPriorityGrouping
                0x00000000080021e0       0x16 ./Drivers/STM32F1xx_HAL_Driver/Src/stm32f1xx_hal_cortex.o
                0x00000000080021e0                HAL_NVIC_SetPriorityGrouping
 .text.HAL_NVIC_SetPriority
                0x00000000080021f6       0x38 ./Drivers/STM32F1xx_HAL_Driver/Src/stm32f1xx_hal_cortex.o
                0x00000000080021f6                HAL_NVIC_SetPriority
 .text.HAL_NVIC_EnableIRQ
                0x000000000800222e       0x1c ./Drivers/STM32F1xx_HAL_Driver/Src/stm32f1xx_hal_cortex.o
                0x000000000800222e                HAL_NVIC_EnableIRQ
 .text.HAL_SYSTICK_Config
                0x000000000800224a       0x18 ./Drivers/STM32F1xx_HAL_Driver/Src/stm32f1xx_hal_cortex.o
                0x000000000800224a                HAL_SYSTICK_Config
 *fill*         0x0000000008002262        0x2 
 .text.HAL_GPIO_Init
                0x0000000008002264      0x2f8 ./Drivers/STM32F1xx_HAL_Driver/Src/stm32f1xx_hal_gpio.o
                0x0000000008002264                HAL_GPIO_Init
 .text.HAL_GPIO_ReadPin
                0x000000000800255c       0x2e ./Drivers/STM32F1xx_HAL_Driver/Src/stm32f1xx_hal_gpio.o
                0x000000000800255c                HAL_GPIO_ReadPin
 .text.HAL_GPIO_WritePin
                0x000000000800258a       0x30 ./Drivers/STM32F1xx_HAL_Driver/Src/stm32f1xx_hal_gpio.o
                0x000000000800258a                HAL_GPIO_WritePin
 .text.HAL_GPIO_TogglePin
                0x00000000080025ba       0x32 ./Drivers/STM32F1xx_HAL_Driver/Src/stm32f1xx_hal_gpio.o
                0x00000000080025ba                HAL_GPIO_TogglePin
 .text.HAL_RCC_OscConfig
                0x00000000080025ec      0x504 ./Drivers/STM32F1xx_HAL_Driver/Src/stm32f1xx_hal_rcc.o
                0x00000000080025ec                HAL_RCC_OscConfig
 .text.HAL_RCC_ClockConfig
                0x0000000008002af0      0x1d4 ./Drivers/STM32F1xx_HAL_Driver/Src/stm32f1xx_hal_rcc.o
                0x0000000008002af0                HAL_RCC_ClockConfig
 .text.HAL_RCC_GetSysClockFreq
                0x0000000008002cc4       0xa8 ./Drivers/STM32F1xx_HAL_Driver/Src/stm32f1xx_hal_rcc.o
                0x0000000008002cc4                HAL_RCC_GetSysClockFreq
 .text.RCC_Delay
                0x0000000008002d6c       0x3c ./Drivers/STM32F1xx_HAL_Driver/Src/stm32f1xx_hal_rcc.o
 .text.HAL_TIM_Base_Init
                0x0000000008002da8       0x9e ./Drivers/STM32F1xx_HAL_Driver/Src/stm32f1xx_hal_tim.o
                0x0000000008002da8                HAL_TIM_Base_Init
 *fill*         0x0000000008002e46        0x2 
 .text.HAL_TIM_Base_Start_IT
                0x0000000008002e48       0x98 ./Drivers/STM32F1xx_HAL_Driver/Src/stm32f1xx_hal_tim.o
                0x0000000008002e48                HAL_TIM_Base_Start_IT
 .text.HAL_TIM_IRQHandler
                0x0000000008002ee0      0x1e0 ./Drivers/STM32F1xx_HAL_Driver/Src/stm32f1xx_hal_tim.o
                0x0000000008002ee0                HAL_TIM_IRQHandler
 .text.HAL_TIM_ConfigClockSource
                0x00000000080030c0      0x18e ./Drivers/STM32F1xx_HAL_Driver/Src/stm32f1xx_hal_tim.o
                0x00000000080030c0                HAL_TIM_ConfigClockSource
 .text.HAL_TIM_OC_DelayElapsedCallback
                0x000000000800324e       0x12 ./Drivers/STM32F1xx_HAL_Driver/Src/stm32f1xx_hal_tim.o
                0x000000000800324e                HAL_TIM_OC_DelayElapsedCallback
 .text.HAL_TIM_IC_CaptureCallback
                0x0000000008003260       0x12 ./Drivers/STM32F1xx_HAL_Driver/Src/stm32f1xx_hal_tim.o
                0x0000000008003260                HAL_TIM_IC_CaptureCallback
 .text.HAL_TIM_PWM_PulseFinishedCallback
                0x0000000008003272       0x12 ./Drivers/STM32F1xx_HAL_Driver/Src/stm32f1xx_hal_tim.o
                0x0000000008003272                HAL_TIM_PWM_PulseFinishedCallback
 .text.HAL_TIM_TriggerCallback
                0x0000000008003284       0x12 ./Drivers/STM32F1xx_HAL_Driver/Src/stm32f1xx_hal_tim.o
                0x0000000008003284                HAL_TIM_TriggerCallback
 *fill*         0x0000000008003296        0x2 
 .text.TIM_Base_SetConfig
                0x0000000008003298       0xc8 ./Drivers/STM32F1xx_HAL_Driver/Src/stm32f1xx_hal_tim.o
                0x0000000008003298                TIM_Base_SetConfig
 .text.TIM_TI1_ConfigInputStage
                0x0000000008003360       0x5c ./Drivers/STM32F1xx_HAL_Driver/Src/stm32f1xx_hal_tim.o
 .text.TIM_TI2_ConfigInputStage
                0x00000000080033bc       0x5e ./Drivers/STM32F1xx_HAL_Driver/Src/stm32f1xx_hal_tim.o
 .text.TIM_ITRx_SetConfig
                0x000000000800341a       0x34 ./Drivers/STM32F1xx_HAL_Driver/Src/stm32f1xx_hal_tim.o
 .text.TIM_ETR_SetConfig
                0x000000000800344e       0x3e ./Drivers/STM32F1xx_HAL_Driver/Src/stm32f1xx_hal_tim.o
                0x000000000800344e                TIM_ETR_SetConfig
 .text.HAL_TIMEx_MasterConfigSynchronization
                0x000000000800348c       0xb0 ./Drivers/STM32F1xx_HAL_Driver/Src/stm32f1xx_hal_tim_ex.o
                0x000000000800348c                HAL_TIMEx_MasterConfigSynchronization
 .text.HAL_TIMEx_CommutCallback
                0x000000000800353c       0x12 ./Drivers/STM32F1xx_HAL_Driver/Src/stm32f1xx_hal_tim_ex.o
                0x000000000800353c                HAL_TIMEx_CommutCallback
 .text.HAL_TIMEx_BreakCallback
                0x000000000800354e       0x12 ./Drivers/STM32F1xx_HAL_Driver/Src/stm32f1xx_hal_tim_ex.o
                0x000000000800354e                HAL_TIMEx_BreakCallback
 .text.malloc   0x0000000008003560       0x10 D:/PhanMemSTM32CUBE/PhanmemCUBEIDE+workspace/STM32CubeIDE/plugins/com.st.stm32cube.ide.mcu.externaltools.gnu-tools-for-stm32.11.3.rel1.win32_1.1.100.202309141235/tools/bin/../lib/gcc/arm-none-eabi/11.3.1/../../../../arm-none-eabi/lib/thumb/v7-m/nofp\libc_nano.a(libc_a-malloc.o)
                0x0000000008003560                malloc
 .text.free     0x0000000008003570       0x10 D:/PhanMemSTM32CUBE/PhanmemCUBEIDE+workspace/STM32CubeIDE/plugins/com.st.stm32cube.ide.mcu.externaltools.gnu-tools-for-stm32.11.3.rel1.win32_1.1.100.202309141235/tools/bin/../lib/gcc/arm-none-eabi/11.3.1/../../../../arm-none-eabi/lib/thumb/v7-m/nofp\libc_nano.a(libc_a-malloc.o)
                0x0000000008003570                free
 .text.sbrk_aligned
                0x0000000008003580       0x40 D:/PhanMemSTM32CUBE/PhanmemCUBEIDE+workspace/STM32CubeIDE/plugins/com.st.stm32cube.ide.mcu.externaltools.gnu-tools-for-stm32.11.3.rel1.win32_1.1.100.202309141235/tools/bin/../lib/gcc/arm-none-eabi/11.3.1/../../../../arm-none-eabi/lib/thumb/v7-m/nofp\libc_nano.a(libc_a-mallocr.o)
 .text._malloc_r
                0x00000000080035c0      0x100 D:/PhanMemSTM32CUBE/PhanmemCUBEIDE+workspace/STM32CubeIDE/plugins/com.st.stm32cube.ide.mcu.externaltools.gnu-tools-for-stm32.11.3.rel1.win32_1.1.100.202309141235/tools/bin/../lib/gcc/arm-none-eabi/11.3.1/../../../../arm-none-eabi/lib/thumb/v7-m/nofp\libc_nano.a(libc_a-mallocr.o)
                0x00000000080035c0                _malloc_r
 .text.__malloc_lock
                0x00000000080036c0        0xc D:/PhanMemSTM32CUBE/PhanmemCUBEIDE+workspace/STM32CubeIDE/plugins/com.st.stm32cube.ide.mcu.externaltools.gnu-tools-for-stm32.11.3.rel1.win32_1.1.100.202309141235/tools/bin/../lib/gcc/arm-none-eabi/11.3.1/../../../../arm-none-eabi/lib/thumb/v7-m/nofp\libc_nano.a(libc_a-mlock.o)
                0x00000000080036c0                __malloc_lock
 .text.__malloc_unlock
                0x00000000080036cc        0xc D:/PhanMemSTM32CUBE/PhanmemCUBEIDE+workspace/STM32CubeIDE/plugins/com.st.stm32cube.ide.mcu.externaltools.gnu-tools-for-stm32.11.3.rel1.win32_1.1.100.202309141235/tools/bin/../lib/gcc/arm-none-eabi/11.3.1/../../../../arm-none-eabi/lib/thumb/v7-m/nofp\libc_nano.a(libc_a-mlock.o)
                0x00000000080036cc                __malloc_unlock
 .text.memset   0x00000000080036d8       0x10 D:/PhanMemSTM32CUBE/PhanmemCUBEIDE+workspace/STM32CubeIDE/plugins/com.st.stm32cube.ide.mcu.externaltools.gnu-tools-for-stm32.11.3.rel1.win32_1.1.100.202309141235/tools/bin/../lib/gcc/arm-none-eabi/11.3.1/../../../../arm-none-eabi/lib/thumb/v7-m/nofp\libc_nano.a(libc_a-memset.o)
                0x00000000080036d8                memset
 .text._sbrk_r  0x00000000080036e8       0x20 D:/PhanMemSTM32CUBE/PhanmemCUBEIDE+workspace/STM32CubeIDE/plugins/com.st.stm32cube.ide.mcu.externaltools.gnu-tools-for-stm32.11.3.rel1.win32_1.1.100.202309141235/tools/bin/../lib/gcc/arm-none-eabi/11.3.1/../../../../arm-none-eabi/lib/thumb/v7-m/nofp\libc_nano.a(libc_a-sbrkr.o)
                0x00000000080036e8                _sbrk_r
 .text.__errno  0x0000000008003708        0xc D:/PhanMemSTM32CUBE/PhanmemCUBEIDE+workspace/STM32CubeIDE/plugins/com.st.stm32cube.ide.mcu.externaltools.gnu-tools-for-stm32.11.3.rel1.win32_1.1.100.202309141235/tools/bin/../lib/gcc/arm-none-eabi/11.3.1/../../../../arm-none-eabi/lib/thumb/v7-m/nofp\libc_nano.a(libc_a-errno.o)
                0x0000000008003708                __errno
 .text.__libc_init_array
                0x0000000008003714       0x48 D:/PhanMemSTM32CUBE/PhanmemCUBEIDE+workspace/STM32CubeIDE/plugins/com.st.stm32cube.ide.mcu.externaltools.gnu-tools-for-stm32.11.3.rel1.win32_1.1.100.202309141235/tools/bin/../lib/gcc/arm-none-eabi/11.3.1/../../../../arm-none-eabi/lib/thumb/v7-m/nofp\libc_nano.a(libc_a-init.o)
                0x0000000008003714                __libc_init_array
 .text.__retarget_lock_acquire_recursive
                0x000000000800375c        0x2 D:/PhanMemSTM32CUBE/PhanmemCUBEIDE+workspace/STM32CubeIDE/plugins/com.st.stm32cube.ide.mcu.externaltools.gnu-tools-for-stm32.11.3.rel1.win32_1.1.100.202309141235/tools/bin/../lib/gcc/arm-none-eabi/11.3.1/../../../../arm-none-eabi/lib/thumb/v7-m/nofp\libc_nano.a(libc_a-lock.o)
                0x000000000800375c                __retarget_lock_acquire_recursive
 .text.__retarget_lock_release_recursive
                0x000000000800375e        0x2 D:/PhanMemSTM32CUBE/PhanmemCUBEIDE+workspace/STM32CubeIDE/plugins/com.st.stm32cube.ide.mcu.externaltools.gnu-tools-for-stm32.11.3.rel1.win32_1.1.100.202309141235/tools/bin/../lib/gcc/arm-none-eabi/11.3.1/../../../../arm-none-eabi/lib/thumb/v7-m/nofp\libc_nano.a(libc_a-lock.o)
                0x000000000800375e                __retarget_lock_release_recursive
 .text._free_r  0x0000000008003760       0x90 D:/PhanMemSTM32CUBE/PhanmemCUBEIDE+workspace/STM32CubeIDE/plugins/com.st.stm32cube.ide.mcu.externaltools.gnu-tools-for-stm32.11.3.rel1.win32_1.1.100.202309141235/tools/bin/../lib/gcc/arm-none-eabi/11.3.1/../../../../arm-none-eabi/lib/thumb/v7-m/nofp\libc_nano.a(libc_a-freer.o)
                0x0000000008003760                _free_r
 *(.glue_7)
 .glue_7        0x00000000080037f0        0x0 linker stubs
 *(.glue_7t)
 .glue_7t       0x00000000080037f0        0x0 linker stubs
 *(.eh_frame)
 .eh_frame      0x00000000080037f0        0x0 D:/PhanMemSTM32CUBE/PhanmemCUBEIDE+workspace/STM32CubeIDE/plugins/com.st.stm32cube.ide.mcu.externaltools.gnu-tools-for-stm32.11.3.rel1.win32_1.1.100.202309141235/tools/bin/../lib/gcc/arm-none-eabi/11.3.1/thumb/v7-m/nofp/crtbegin.o
 *(.init)
 .init          0x00000000080037f0        0x4 D:/PhanMemSTM32CUBE/PhanmemCUBEIDE+workspace/STM32CubeIDE/plugins/com.st.stm32cube.ide.mcu.externaltools.gnu-tools-for-stm32.11.3.rel1.win32_1.1.100.202309141235/tools/bin/../lib/gcc/arm-none-eabi/11.3.1/thumb/v7-m/nofp/crti.o
                0x00000000080037f0                _init
 .init          0x00000000080037f4        0x8 D:/PhanMemSTM32CUBE/PhanmemCUBEIDE+workspace/STM32CubeIDE/plugins/com.st.stm32cube.ide.mcu.externaltools.gnu-tools-for-stm32.11.3.rel1.win32_1.1.100.202309141235/tools/bin/../lib/gcc/arm-none-eabi/11.3.1/thumb/v7-m/nofp/crtn.o
 *(.fini)
 .fini          0x00000000080037fc        0x4 D:/PhanMemSTM32CUBE/PhanmemCUBEIDE+workspace/STM32CubeIDE/plugins/com.st.stm32cube.ide.mcu.externaltools.gnu-tools-for-stm32.11.3.rel1.win32_1.1.100.202309141235/tools/bin/../lib/gcc/arm-none-eabi/11.3.1/thumb/v7-m/nofp/crti.o
                0x00000000080037fc                _fini
 .fini          0x0000000008003800        0x8 D:/PhanMemSTM32CUBE/PhanmemCUBEIDE+workspace/STM32CubeIDE/plugins/com.st.stm32cube.ide.mcu.externaltools.gnu-tools-for-stm32.11.3.rel1.win32_1.1.100.202309141235/tools/bin/../lib/gcc/arm-none-eabi/11.3.1/thumb/v7-m/nofp/crtn.o
                0x0000000008003808                . = ALIGN (0x4)
                0x0000000008003808                _etext = .

.vfp11_veneer   0x0000000008003808        0x0
 .vfp11_veneer  0x0000000008003808        0x0 linker stubs

.v4_bx          0x0000000008003808        0x0
 .v4_bx         0x0000000008003808        0x0 linker stubs

.iplt           0x0000000008003808        0x0
 .iplt          0x0000000008003808        0x0 D:/PhanMemSTM32CUBE/PhanmemCUBEIDE+workspace/STM32CubeIDE/plugins/com.st.stm32cube.ide.mcu.externaltools.gnu-tools-for-stm32.11.3.rel1.win32_1.1.100.202309141235/tools/bin/../lib/gcc/arm-none-eabi/11.3.1/thumb/v7-m/nofp/crtbegin.o

.rodata         0x0000000008003808       0x24
                0x0000000008003808                . = ALIGN (0x4)
 *(.rodata)
 *(.rodata*)
 .rodata.AHBPrescTable
                0x0000000008003808       0x10 ./Core/Src/system_stm32f1xx.o
                0x0000000008003808                AHBPrescTable
 .rodata.aPLLMULFactorTable.1
                0x0000000008003818       0x10 ./Drivers/STM32F1xx_HAL_Driver/Src/stm32f1xx_hal_rcc.o
 .rodata.aPredivFactorTable.0
                0x0000000008003828        0x2 ./Drivers/STM32F1xx_HAL_Driver/Src/stm32f1xx_hal_rcc.o
                0x000000000800382c                . = ALIGN (0x4)
 *fill*         0x000000000800382a        0x2 

.rel.dyn        0x000000000800382c        0x0
 .rel.iplt      0x000000000800382c        0x0 D:/PhanMemSTM32CUBE/PhanmemCUBEIDE+workspace/STM32CubeIDE/plugins/com.st.stm32cube.ide.mcu.externaltools.gnu-tools-for-stm32.11.3.rel1.win32_1.1.100.202309141235/tools/bin/../lib/gcc/arm-none-eabi/11.3.1/thumb/v7-m/nofp/crtbegin.o

.ARM.extab      0x000000000800382c        0x0
                0x000000000800382c                . = ALIGN (0x4)
 *(.ARM.extab* .gnu.linkonce.armextab.*)
                0x000000000800382c                . = ALIGN (0x4)

.ARM            0x000000000800382c        0x0
                0x000000000800382c                . = ALIGN (0x4)
                0x000000000800382c                __exidx_start = .
 *(.ARM.exidx*)
                0x000000000800382c                __exidx_end = .
                0x000000000800382c                . = ALIGN (0x4)

.preinit_array  0x000000000800382c        0x0
                0x000000000800382c                . = ALIGN (0x4)
                0x000000000800382c                PROVIDE (__preinit_array_start = .)
 *(.preinit_array*)
                0x000000000800382c                PROVIDE (__preinit_array_end = .)
                0x000000000800382c                . = ALIGN (0x4)

.init_array     0x000000000800382c        0x4
                0x000000000800382c                . = ALIGN (0x4)
                0x000000000800382c                PROVIDE (__init_array_start = .)
 *(SORT_BY_NAME(.init_array.*))
 *(.init_array*)
 .init_array    0x000000000800382c        0x4 D:/PhanMemSTM32CUBE/PhanmemCUBEIDE+workspace/STM32CubeIDE/plugins/com.st.stm32cube.ide.mcu.externaltools.gnu-tools-for-stm32.11.3.rel1.win32_1.1.100.202309141235/tools/bin/../lib/gcc/arm-none-eabi/11.3.1/thumb/v7-m/nofp/crtbegin.o
                0x0000000008003830                PROVIDE (__init_array_end = .)
                0x0000000008003830                . = ALIGN (0x4)

.fini_array     0x0000000008003830        0x4
                0x0000000008003830                . = ALIGN (0x4)
                [!provide]                        PROVIDE (__fini_array_start = .)
 *(SORT_BY_NAME(.fini_array.*))
 *(.fini_array*)
 .fini_array    0x0000000008003830        0x4 D:/PhanMemSTM32CUBE/PhanmemCUBEIDE+workspace/STM32CubeIDE/plugins/com.st.stm32cube.ide.mcu.externaltools.gnu-tools-for-stm32.11.3.rel1.win32_1.1.100.202309141235/tools/bin/../lib/gcc/arm-none-eabi/11.3.1/thumb/v7-m/nofp/crtbegin.o
                [!provide]                        PROVIDE (__fini_array_end = .)
                0x0000000008003834                . = ALIGN (0x4)
                0x0000000008003834                _sidata = LOADADDR (.data)

.data           0x0000000020000000       0xa4 load address 0x0000000008003834
                0x0000000020000000                . = ALIGN (0x4)
                0x0000000020000000                _sdata = .
 *(.data)
 *(.data*)
 .data.keyReg0  0x0000000020000000        0xc ./Core/Src/button.o
                0x0000000020000000                keyReg0
 .data.keyReg1  0x000000002000000c        0xc ./Core/Src/button.o
                0x000000002000000c                keyReg1
 .data.keyReg2  0x0000000020000018        0xc ./Core/Src/button.o
                0x0000000020000018                keyReg2
 .data.keyRegPrevious
                0x0000000020000024        0xc ./Core/Src/button.o
                0x0000000020000024                keyRegPrevious
 .data.led_auto_buffer
                0x0000000020000030        0xc ./Core/Src/global.o
                0x0000000020000030                led_auto_buffer
 .data.timer1_1s_counter
                0x000000002000003c        0x4 ./Core/Src/software_timer.o
                0x000000002000003c                timer1_1s_counter
 .data.timer_EN_GR1_flag
                0x0000000020000040        0x4 ./Core/Src/software_timer.o
                0x0000000020000040                timer_EN_GR1_flag
 .data.timer_2hz_flag
                0x0000000020000044        0x4 ./Core/Src/software_timer.o
                0x0000000020000044                timer_2hz_flag
 .data.SystemCoreClock
                0x0000000020000048        0x4 ./Core/Src/system_stm32f1xx.o
                0x0000000020000048                SystemCoreClock
 .data.uwTickPrio
                0x000000002000004c        0x4 ./Drivers/STM32F1xx_HAL_Driver/Src/stm32f1xx_hal.o
                0x000000002000004c                uwTickPrio
 .data.uwTickFreq
                0x0000000020000050        0x1 ./Drivers/STM32F1xx_HAL_Driver/Src/stm32f1xx_hal.o
                0x0000000020000050                uwTickFreq
 *fill*         0x0000000020000051        0x3 
 .data._impure_data
                0x0000000020000054       0x4c D:/PhanMemSTM32CUBE/PhanmemCUBEIDE+workspace/STM32CubeIDE/plugins/com.st.stm32cube.ide.mcu.externaltools.gnu-tools-for-stm32.11.3.rel1.win32_1.1.100.202309141235/tools/bin/../lib/gcc/arm-none-eabi/11.3.1/../../../../arm-none-eabi/lib/thumb/v7-m/nofp\libc_nano.a(libc_a-impure.o)
                0x0000000020000054                _impure_data
 .data._impure_ptr
                0x00000000200000a0        0x4 D:/PhanMemSTM32CUBE/PhanmemCUBEIDE+workspace/STM32CubeIDE/plugins/com.st.stm32cube.ide.mcu.externaltools.gnu-tools-for-stm32.11.3.rel1.win32_1.1.100.202309141235/tools/bin/../lib/gcc/arm-none-eabi/11.3.1/../../../../arm-none-eabi/lib/thumb/v7-m/nofp\libc_nano.a(libc_a-impure.o)
                0x00000000200000a0                _impure_ptr
 *(.RamFunc)
 *(.RamFunc*)
                0x00000000200000a4                . = ALIGN (0x4)
                0x00000000200000a4                _edata = .

.igot.plt       0x00000000200000a4        0x0 load address 0x00000000080038d8
 .igot.plt      0x00000000200000a4        0x0 D:/PhanMemSTM32CUBE/PhanmemCUBEIDE+workspace/STM32CubeIDE/plugins/com.st.stm32cube.ide.mcu.externaltools.gnu-tools-for-stm32.11.3.rel1.win32_1.1.100.202309141235/tools/bin/../lib/gcc/arm-none-eabi/11.3.1/thumb/v7-m/nofp/crtbegin.o
                0x00000000200000a4                . = ALIGN (0x4)

.bss            0x00000000200000a4      0x208 load address 0x00000000080038d8
                0x00000000200000a4                _sbss = .
                0x00000000200000a4                __bss_start__ = _sbss
 *(.bss)
 .bss           0x00000000200000a4       0x1c D:/PhanMemSTM32CUBE/PhanmemCUBEIDE+workspace/STM32CubeIDE/plugins/com.st.stm32cube.ide.mcu.externaltools.gnu-tools-for-stm32.11.3.rel1.win32_1.1.100.202309141235/tools/bin/../lib/gcc/arm-none-eabi/11.3.1/thumb/v7-m/nofp/crtbegin.o
 *(.bss*)
 .bss.timer_keypress
                0x00000000200000c0        0xc ./Core/Src/button.o
                0x00000000200000c0                timer_keypress
 .bss.button_flag
                0x00000000200000cc        0xc ./Core/Src/button.o
                0x00000000200000cc                button_flag
 .bss.led7_freq1
                0x00000000200000d8        0x4 ./Core/Src/fsm_automatic.o
                0x00000000200000d8                led7_freq1
 .bss.led7_freq2
                0x00000000200000dc        0x4 ./Core/Src/fsm_automatic.o
                0x00000000200000dc                led7_freq2
 .bss.time_red_copy
                0x00000000200000e0        0x4 ./Core/Src/fsm_automatic.o
                0x00000000200000e0                time_red_copy
 .bss.time_green_copy
                0x00000000200000e4        0x4 ./Core/Src/fsm_automatic.o
                0x00000000200000e4                time_green_copy
 .bss.time_yellow_copy
                0x00000000200000e8        0x4 ./Core/Src/fsm_automatic.o
                0x00000000200000e8                time_yellow_copy
 .bss.timered_manual
                0x00000000200000ec        0x4 ./Core/Src/fsm_manual.o
                0x00000000200000ec                timered_manual
 .bss.timegreen_manual
                0x00000000200000f0        0x4 ./Core/Src/fsm_manual.o
                0x00000000200000f0                timegreen_manual
 .bss.timeyellow_manual
                0x00000000200000f4        0x4 ./Core/Src/fsm_manual.o
                0x00000000200000f4                timeyellow_manual
 .bss.status    0x00000000200000f8        0x4 ./Core/Src/global.o
                0x00000000200000f8                status
 .bss.htim2     0x00000000200000fc       0x48 ./Core/Src/main.o
                0x00000000200000fc                htim2
 .bss.head      0x0000000020000144        0x4 ./Core/Src/scheduler.o
                0x0000000020000144                head
 .bss.current_task_id
                0x0000000020000148        0x4 ./Core/Src/scheduler.o
                0x0000000020000148                current_task_id
 .bss.Update_flag
                0x000000002000014c        0x1 ./Core/Src/scheduler.o
                0x000000002000014c                Update_flag
 *fill*         0x000000002000014d        0x3 
 .bss.timer1_1s_flag
                0x0000000020000150        0x4 ./Core/Src/software_timer.o
                0x0000000020000150                timer1_1s_flag
 .bss.timer_EN_GR1_counter
                0x0000000020000154        0x4 ./Core/Src/software_timer.o
                0x0000000020000154                timer_EN_GR1_counter
 .bss.timer_2hz_counter
                0x0000000020000158        0x4 ./Core/Src/software_timer.o
                0x0000000020000158                timer_2hz_counter
 .bss.__sbrk_heap_end
                0x000000002000015c        0x4 ./Core/Src/sysmem.o
 .bss.uwTick    0x0000000020000160        0x4 ./Drivers/STM32F1xx_HAL_Driver/Src/stm32f1xx_hal.o
                0x0000000020000160                uwTick
 .bss.__malloc_free_list
                0x0000000020000164        0x4 D:/PhanMemSTM32CUBE/PhanmemCUBEIDE+workspace/STM32CubeIDE/plugins/com.st.stm32cube.ide.mcu.externaltools.gnu-tools-for-stm32.11.3.rel1.win32_1.1.100.202309141235/tools/bin/../lib/gcc/arm-none-eabi/11.3.1/../../../../arm-none-eabi/lib/thumb/v7-m/nofp\libc_nano.a(libc_a-mallocr.o)
                0x0000000020000164                __malloc_free_list
 .bss.__malloc_sbrk_start
                0x0000000020000168        0x4 D:/PhanMemSTM32CUBE/PhanmemCUBEIDE+workspace/STM32CubeIDE/plugins/com.st.stm32cube.ide.mcu.externaltools.gnu-tools-for-stm32.11.3.rel1.win32_1.1.100.202309141235/tools/bin/../lib/gcc/arm-none-eabi/11.3.1/../../../../arm-none-eabi/lib/thumb/v7-m/nofp\libc_nano.a(libc_a-mallocr.o)
                0x0000000020000168                __malloc_sbrk_start
 .bss.__sf      0x000000002000016c      0x138 D:/PhanMemSTM32CUBE/PhanmemCUBEIDE+workspace/STM32CubeIDE/plugins/com.st.stm32cube.ide.mcu.externaltools.gnu-tools-for-stm32.11.3.rel1.win32_1.1.100.202309141235/tools/bin/../lib/gcc/arm-none-eabi/11.3.1/../../../../arm-none-eabi/lib/thumb/v7-m/nofp\libc_nano.a(libc_a-findfp.o)
                0x000000002000016c                __sf
 .bss.errno     0x00000000200002a4        0x4 D:/PhanMemSTM32CUBE/PhanmemCUBEIDE+workspace/STM32CubeIDE/plugins/com.st.stm32cube.ide.mcu.externaltools.gnu-tools-for-stm32.11.3.rel1.win32_1.1.100.202309141235/tools/bin/../lib/gcc/arm-none-eabi/11.3.1/../../../../arm-none-eabi/lib/thumb/v7-m/nofp\libc_nano.a(libc_a-reent.o)
                0x00000000200002a4                errno
 .bss.__lock___malloc_recursive_mutex
                0x00000000200002a8        0x1 D:/PhanMemSTM32CUBE/PhanmemCUBEIDE+workspace/STM32CubeIDE/plugins/com.st.stm32cube.ide.mcu.externaltools.gnu-tools-for-stm32.11.3.rel1.win32_1.1.100.202309141235/tools/bin/../lib/gcc/arm-none-eabi/11.3.1/../../../../arm-none-eabi/lib/thumb/v7-m/nofp\libc_nano.a(libc_a-lock.o)
                0x00000000200002a8                __lock___malloc_recursive_mutex
 *(COMMON)
                0x00000000200002ac                . = ALIGN (0x4)
 *fill*         0x00000000200002a9        0x3 
                0x00000000200002ac                _ebss = .
                0x00000000200002ac                __bss_end__ = _ebss

._user_heap_stack
                0x00000000200002ac      0x604 load address 0x00000000080038d8
                0x00000000200002b0                . = ALIGN (0x8)
 *fill*         0x00000000200002ac        0x4 
                [!provide]                        PROVIDE (end = .)
                0x00000000200002b0                PROVIDE (_end = .)
                0x00000000200004b0                . = (. + _Min_Heap_Size)
 *fill*         0x00000000200002b0      0x200 
                0x00000000200008b0                . = (. + _Min_Stack_Size)
 *fill*         0x00000000200004b0      0x400 
                0x00000000200008b0                . = ALIGN (0x8)

/DISCARD/
 libc.a(*)
 libm.a(*)
 libgcc.a(*)

.ARM.attributes
                0x0000000000000000       0x29
 *(.ARM.attributes)
 .ARM.attributes
                0x0000000000000000       0x1d D:/PhanMemSTM32CUBE/PhanmemCUBEIDE+workspace/STM32CubeIDE/plugins/com.st.stm32cube.ide.mcu.externaltools.gnu-tools-for-stm32.11.3.rel1.win32_1.1.100.202309141235/tools/bin/../lib/gcc/arm-none-eabi/11.3.1/thumb/v7-m/nofp/crti.o
 .ARM.attributes
                0x000000000000001d       0x2d D:/PhanMemSTM32CUBE/PhanmemCUBEIDE+workspace/STM32CubeIDE/plugins/com.st.stm32cube.ide.mcu.externaltools.gnu-tools-for-stm32.11.3.rel1.win32_1.1.100.202309141235/tools/bin/../lib/gcc/arm-none-eabi/11.3.1/thumb/v7-m/nofp/crtbegin.o
 .ARM.attributes
                0x000000000000004a       0x2d ./Core/Src/button.o
 .ARM.attributes
                0x0000000000000077       0x2d ./Core/Src/fsm_automatic.o
 .ARM.attributes
                0x00000000000000a4       0x2d ./Core/Src/fsm_manual.o
 .ARM.attributes
                0x00000000000000d1       0x2d ./Core/Src/global.o
 .ARM.attributes
                0x00000000000000fe       0x2d ./Core/Src/led7_segment.o
 .ARM.attributes
                0x000000000000012b       0x2d ./Core/Src/main.o
 .ARM.attributes
                0x0000000000000158       0x2d ./Core/Src/scheduler.o
 .ARM.attributes
                0x0000000000000185       0x2d ./Core/Src/software_timer.o
 .ARM.attributes
                0x00000000000001b2       0x2d ./Core/Src/stm32f1xx_hal_msp.o
 .ARM.attributes
                0x00000000000001df       0x2d ./Core/Src/stm32f1xx_it.o
 .ARM.attributes
                0x000000000000020c       0x2d ./Core/Src/sysmem.o
 .ARM.attributes
                0x0000000000000239       0x2d ./Core/Src/system_stm32f1xx.o
 .ARM.attributes
                0x0000000000000266       0x2d ./Core/Src/traffic_light.o
 .ARM.attributes
                0x0000000000000293       0x21 ./Core/Startup/startup_stm32f103c6tx.o
 .ARM.attributes
                0x00000000000002b4       0x2d ./Drivers/STM32F1xx_HAL_Driver/Src/stm32f1xx_hal.o
 .ARM.attributes
                0x00000000000002e1       0x2d ./Drivers/STM32F1xx_HAL_Driver/Src/stm32f1xx_hal_cortex.o
 .ARM.attributes
                0x000000000000030e       0x2d ./Drivers/STM32F1xx_HAL_Driver/Src/stm32f1xx_hal_gpio.o
 .ARM.attributes
                0x000000000000033b       0x2d ./Drivers/STM32F1xx_HAL_Driver/Src/stm32f1xx_hal_rcc.o
 .ARM.attributes
                0x0000000000000368       0x2d ./Drivers/STM32F1xx_HAL_Driver/Src/stm32f1xx_hal_tim.o
 .ARM.attributes
                0x0000000000000395       0x2d ./Drivers/STM32F1xx_HAL_Driver/Src/stm32f1xx_hal_tim_ex.o
 .ARM.attributes
                0x00000000000003c2       0x2d D:/PhanMemSTM32CUBE/PhanmemCUBEIDE+workspace/STM32CubeIDE/plugins/com.st.stm32cube.ide.mcu.externaltools.gnu-tools-for-stm32.11.3.rel1.win32_1.1.100.202309141235/tools/bin/../lib/gcc/arm-none-eabi/11.3.1/../../../../arm-none-eabi/lib/thumb/v7-m/nofp\libc_nano.a(libc_a-malloc.o)
 .ARM.attributes
                0x00000000000003ef       0x2d D:/PhanMemSTM32CUBE/PhanmemCUBEIDE+workspace/STM32CubeIDE/plugins/com.st.stm32cube.ide.mcu.externaltools.gnu-tools-for-stm32.11.3.rel1.win32_1.1.100.202309141235/tools/bin/../lib/gcc/arm-none-eabi/11.3.1/../../../../arm-none-eabi/lib/thumb/v7-m/nofp\libc_nano.a(libc_a-mallocr.o)
 .ARM.attributes
                0x000000000000041c       0x2d D:/PhanMemSTM32CUBE/PhanmemCUBEIDE+workspace/STM32CubeIDE/plugins/com.st.stm32cube.ide.mcu.externaltools.gnu-tools-for-stm32.11.3.rel1.win32_1.1.100.202309141235/tools/bin/../lib/gcc/arm-none-eabi/11.3.1/../../../../arm-none-eabi/lib/thumb/v7-m/nofp\libc_nano.a(libc_a-mlock.o)
 .ARM.attributes
                0x0000000000000449       0x2d D:/PhanMemSTM32CUBE/PhanmemCUBEIDE+workspace/STM32CubeIDE/plugins/com.st.stm32cube.ide.mcu.externaltools.gnu-tools-for-stm32.11.3.rel1.win32_1.1.100.202309141235/tools/bin/../lib/gcc/arm-none-eabi/11.3.1/../../../../arm-none-eabi/lib/thumb/v7-m/nofp\libc_nano.a(libc_a-findfp.o)
 .ARM.attributes
                0x0000000000000476       0x2d D:/PhanMemSTM32CUBE/PhanmemCUBEIDE+workspace/STM32CubeIDE/plugins/com.st.stm32cube.ide.mcu.externaltools.gnu-tools-for-stm32.11.3.rel1.win32_1.1.100.202309141235/tools/bin/../lib/gcc/arm-none-eabi/11.3.1/../../../../arm-none-eabi/lib/thumb/v7-m/nofp\libc_nano.a(libc_a-memset.o)
 .ARM.attributes
                0x00000000000004a3       0x2d D:/PhanMemSTM32CUBE/PhanmemCUBEIDE+workspace/STM32CubeIDE/plugins/com.st.stm32cube.ide.mcu.externaltools.gnu-tools-for-stm32.11.3.rel1.win32_1.1.100.202309141235/tools/bin/../lib/gcc/arm-none-eabi/11.3.1/../../../../arm-none-eabi/lib/thumb/v7-m/nofp\libc_nano.a(libc_a-reent.o)
 .ARM.attributes
                0x00000000000004d0       0x2d D:/PhanMemSTM32CUBE/PhanmemCUBEIDE+workspace/STM32CubeIDE/plugins/com.st.stm32cube.ide.mcu.externaltools.gnu-tools-for-stm32.11.3.rel1.win32_1.1.100.202309141235/tools/bin/../lib/gcc/arm-none-eabi/11.3.1/../../../../arm-none-eabi/lib/thumb/v7-m/nofp\libc_nano.a(libc_a-impure.o)
 .ARM.attributes
                0x00000000000004fd       0x2d D:/PhanMemSTM32CUBE/PhanmemCUBEIDE+workspace/STM32CubeIDE/plugins/com.st.stm32cube.ide.mcu.externaltools.gnu-tools-for-stm32.11.3.rel1.win32_1.1.100.202309141235/tools/bin/../lib/gcc/arm-none-eabi/11.3.1/../../../../arm-none-eabi/lib/thumb/v7-m/nofp\libc_nano.a(libc_a-sbrkr.o)
 .ARM.attributes
                0x000000000000052a       0x2d D:/PhanMemSTM32CUBE/PhanmemCUBEIDE+workspace/STM32CubeIDE/plugins/com.st.stm32cube.ide.mcu.externaltools.gnu-tools-for-stm32.11.3.rel1.win32_1.1.100.202309141235/tools/bin/../lib/gcc/arm-none-eabi/11.3.1/../../../../arm-none-eabi/lib/thumb/v7-m/nofp\libc_nano.a(libc_a-errno.o)
 .ARM.attributes
                0x0000000000000557       0x2d D:/PhanMemSTM32CUBE/PhanmemCUBEIDE+workspace/STM32CubeIDE/plugins/com.st.stm32cube.ide.mcu.externaltools.gnu-tools-for-stm32.11.3.rel1.win32_1.1.100.202309141235/tools/bin/../lib/gcc/arm-none-eabi/11.3.1/../../../../arm-none-eabi/lib/thumb/v7-m/nofp\libc_nano.a(libc_a-init.o)
 .ARM.attributes
                0x0000000000000584       0x2d D:/PhanMemSTM32CUBE/PhanmemCUBEIDE+workspace/STM32CubeIDE/plugins/com.st.stm32cube.ide.mcu.externaltools.gnu-tools-for-stm32.11.3.rel1.win32_1.1.100.202309141235/tools/bin/../lib/gcc/arm-none-eabi/11.3.1/../../../../arm-none-eabi/lib/thumb/v7-m/nofp\libc_nano.a(libc_a-lock.o)
 .ARM.attributes
                0x00000000000005b1       0x2d D:/PhanMemSTM32CUBE/PhanmemCUBEIDE+workspace/STM32CubeIDE/plugins/com.st.stm32cube.ide.mcu.externaltools.gnu-tools-for-stm32.11.3.rel1.win32_1.1.100.202309141235/tools/bin/../lib/gcc/arm-none-eabi/11.3.1/../../../../arm-none-eabi/lib/thumb/v7-m/nofp\libc_nano.a(libc_a-freer.o)
 .ARM.attributes
                0x00000000000005de       0x1d D:/PhanMemSTM32CUBE/PhanmemCUBEIDE+workspace/STM32CubeIDE/plugins/com.st.stm32cube.ide.mcu.externaltools.gnu-tools-for-stm32.11.3.rel1.win32_1.1.100.202309141235/tools/bin/../lib/gcc/arm-none-eabi/11.3.1/thumb/v7-m/nofp/crtn.o
OUTPUT(TEST.elf elf32-littlearm)
LOAD linker stubs
LOAD D:/PhanMemSTM32CUBE/PhanmemCUBEIDE+workspace/STM32CubeIDE/plugins/com.st.stm32cube.ide.mcu.externaltools.gnu-tools-for-stm32.11.3.rel1.win32_1.1.100.202309141235/tools/bin/../lib/gcc/arm-none-eabi/11.3.1/../../../../arm-none-eabi/lib/thumb/v7-m/nofp\libc.a
LOAD D:/PhanMemSTM32CUBE/PhanmemCUBEIDE+workspace/STM32CubeIDE/plugins/com.st.stm32cube.ide.mcu.externaltools.gnu-tools-for-stm32.11.3.rel1.win32_1.1.100.202309141235/tools/bin/../lib/gcc/arm-none-eabi/11.3.1/../../../../arm-none-eabi/lib/thumb/v7-m/nofp\libm.a
LOAD D:/PhanMemSTM32CUBE/PhanmemCUBEIDE+workspace/STM32CubeIDE/plugins/com.st.stm32cube.ide.mcu.externaltools.gnu-tools-for-stm32.11.3.rel1.win32_1.1.100.202309141235/tools/bin/../lib/gcc/arm-none-eabi/11.3.1/thumb/v7-m/nofp\libgcc.a

.comment        0x0000000000000000       0x43
 .comment       0x0000000000000000       0x43 D:/PhanMemSTM32CUBE/PhanmemCUBEIDE+workspace/STM32CubeIDE/plugins/com.st.stm32cube.ide.mcu.externaltools.gnu-tools-for-stm32.11.3.rel1.win32_1.1.100.202309141235/tools/bin/../lib/gcc/arm-none-eabi/11.3.1/thumb/v7-m/nofp/crtbegin.o
                                         0x44 (size before relaxing)
 .comment       0x0000000000000043       0x44 ./Core/Src/button.o
 .comment       0x0000000000000043       0x44 ./Core/Src/fsm_automatic.o
 .comment       0x0000000000000043       0x44 ./Core/Src/fsm_manual.o
 .comment       0x0000000000000043       0x44 ./Core/Src/global.o
 .comment       0x0000000000000043       0x44 ./Core/Src/led7_segment.o
 .comment       0x0000000000000043       0x44 ./Core/Src/main.o
 .comment       0x0000000000000043       0x44 ./Core/Src/scheduler.o
 .comment       0x0000000000000043       0x44 ./Core/Src/software_timer.o
 .comment       0x0000000000000043       0x44 ./Core/Src/stm32f1xx_hal_msp.o
 .comment       0x0000000000000043       0x44 ./Core/Src/stm32f1xx_it.o
 .comment       0x0000000000000043       0x44 ./Core/Src/sysmem.o
 .comment       0x0000000000000043       0x44 ./Core/Src/system_stm32f1xx.o
 .comment       0x0000000000000043       0x44 ./Core/Src/traffic_light.o
 .comment       0x0000000000000043       0x44 ./Drivers/STM32F1xx_HAL_Driver/Src/stm32f1xx_hal.o
 .comment       0x0000000000000043       0x44 ./Drivers/STM32F1xx_HAL_Driver/Src/stm32f1xx_hal_cortex.o
 .comment       0x0000000000000043       0x44 ./Drivers/STM32F1xx_HAL_Driver/Src/stm32f1xx_hal_gpio.o
 .comment       0x0000000000000043       0x44 ./Drivers/STM32F1xx_HAL_Driver/Src/stm32f1xx_hal_rcc.o
 .comment       0x0000000000000043       0x44 ./Drivers/STM32F1xx_HAL_Driver/Src/stm32f1xx_hal_tim.o
 .comment       0x0000000000000043       0x44 ./Drivers/STM32F1xx_HAL_Driver/Src/stm32f1xx_hal_tim_ex.o

.debug_info     0x0000000000000000     0x8bcb
 .debug_info    0x0000000000000000      0x242 ./Core/Src/button.o
 .debug_info    0x0000000000000242      0x2a9 ./Core/Src/fsm_automatic.o
 .debug_info    0x00000000000004eb      0x26f ./Core/Src/fsm_manual.o
 .debug_info    0x000000000000075a       0xac ./Core/Src/global.o
 .debug_info    0x0000000000000806      0x1a6 ./Core/Src/led7_segment.o
 .debug_info    0x00000000000009ac      0xc05 ./Core/Src/main.o
 .debug_info    0x00000000000015b1      0x300 ./Core/Src/scheduler.o
 .debug_info    0x00000000000018b1      0x11e ./Core/Src/software_timer.o
 .debug_info    0x00000000000019cf      0x91a ./Core/Src/stm32f1xx_hal_msp.o
 .debug_info    0x00000000000022e9      0x6a1 ./Core/Src/stm32f1xx_it.o
 .debug_info    0x000000000000298a      0x168 ./Core/Src/sysmem.o
 .debug_info    0x0000000000002af2      0x222 ./Core/Src/system_stm32f1xx.o
 .debug_info    0x0000000000002d14      0x1d1 ./Core/Src/traffic_light.o
 .debug_info    0x0000000000002ee5       0x23 ./Core/Startup/startup_stm32f103c6tx.o
 .debug_info    0x0000000000002f08      0x6e6 ./Drivers/STM32F1xx_HAL_Driver/Src/stm32f1xx_hal.o
 .debug_info    0x00000000000035ee      0xa69 ./Drivers/STM32F1xx_HAL_Driver/Src/stm32f1xx_hal_cortex.o
 .debug_info    0x0000000000004057      0x5ab ./Drivers/STM32F1xx_HAL_Driver/Src/stm32f1xx_hal_gpio.o
 .debug_info    0x0000000000004602      0x7d5 ./Drivers/STM32F1xx_HAL_Driver/Src/stm32f1xx_hal_rcc.o
 .debug_info    0x0000000000004dd7     0x2959 ./Drivers/STM32F1xx_HAL_Driver/Src/stm32f1xx_hal_tim.o
 .debug_info    0x0000000000007730     0x149b ./Drivers/STM32F1xx_HAL_Driver/Src/stm32f1xx_hal_tim_ex.o

.debug_abbrev   0x0000000000000000     0x1f36
 .debug_abbrev  0x0000000000000000      0x17c ./Core/Src/button.o
 .debug_abbrev  0x000000000000017c      0x149 ./Core/Src/fsm_automatic.o
 .debug_abbrev  0x00000000000002c5      0x116 ./Core/Src/fsm_manual.o
 .debug_abbrev  0x00000000000003db       0x60 ./Core/Src/global.o
 .debug_abbrev  0x000000000000043b      0x10e ./Core/Src/led7_segment.o
 .debug_abbrev  0x0000000000000549      0x2e4 ./Core/Src/main.o
 .debug_abbrev  0x000000000000082d      0x15b ./Core/Src/scheduler.o
 .debug_abbrev  0x0000000000000988       0xc8 ./Core/Src/software_timer.o
 .debug_abbrev  0x0000000000000a50      0x1ad ./Core/Src/stm32f1xx_hal_msp.o
 .debug_abbrev  0x0000000000000bfd      0x191 ./Core/Src/stm32f1xx_it.o
 .debug_abbrev  0x0000000000000d8e       0xbc ./Core/Src/sysmem.o
 .debug_abbrev  0x0000000000000e4a      0x13f ./Core/Src/system_stm32f1xx.o
 .debug_abbrev  0x0000000000000f89      0x12c ./Core/Src/traffic_light.o
 .debug_abbrev  0x00000000000010b5       0x12 ./Core/Startup/startup_stm32f103c6tx.o
 .debug_abbrev  0x00000000000010c7      0x201 ./Drivers/STM32F1xx_HAL_Driver/Src/stm32f1xx_hal.o
 .debug_abbrev  0x00000000000012c8      0x2f8 ./Drivers/STM32F1xx_HAL_Driver/Src/stm32f1xx_hal_cortex.o
 .debug_abbrev  0x00000000000015c0      0x1ca ./Drivers/STM32F1xx_HAL_Driver/Src/stm32f1xx_hal_gpio.o
 .debug_abbrev  0x000000000000178a      0x2b3 ./Drivers/STM32F1xx_HAL_Driver/Src/stm32f1xx_hal_rcc.o
 .debug_abbrev  0x0000000000001a3d      0x277 ./Drivers/STM32F1xx_HAL_Driver/Src/stm32f1xx_hal_tim.o
 .debug_abbrev  0x0000000000001cb4      0x282 ./Drivers/STM32F1xx_HAL_Driver/Src/stm32f1xx_hal_tim_ex.o

.debug_aranges  0x0000000000000000      0xaa8
 .debug_aranges
                0x0000000000000000       0x28 ./Core/Src/button.o
 .debug_aranges
                0x0000000000000028       0x20 ./Core/Src/fsm_automatic.o
 .debug_aranges
                0x0000000000000048       0x20 ./Core/Src/fsm_manual.o
 .debug_aranges
                0x0000000000000068       0x18 ./Core/Src/global.o
 .debug_aranges
                0x0000000000000080       0x28 ./Core/Src/led7_segment.o
 .debug_aranges
                0x00000000000000a8       0x50 ./Core/Src/main.o
 .debug_aranges
                0x00000000000000f8       0x48 ./Core/Src/scheduler.o
 .debug_aranges
                0x0000000000000140       0x38 ./Core/Src/software_timer.o
 .debug_aranges
                0x0000000000000178       0x30 ./Core/Src/stm32f1xx_hal_msp.o
 .debug_aranges
                0x00000000000001a8       0x68 ./Core/Src/stm32f1xx_it.o
 .debug_aranges
                0x0000000000000210       0x20 ./Core/Src/sysmem.o
 .debug_aranges
                0x0000000000000230       0x28 ./Core/Src/system_stm32f1xx.o
 .debug_aranges
                0x0000000000000258       0x28 ./Core/Src/traffic_light.o
 .debug_aranges
                0x0000000000000280       0x28 ./Core/Startup/startup_stm32f103c6tx.o
 .debug_aranges
                0x00000000000002a8       0xe0 ./Drivers/STM32F1xx_HAL_Driver/Src/stm32f1xx_hal.o
 .debug_aranges
                0x0000000000000388      0x100 ./Drivers/STM32F1xx_HAL_Driver/Src/stm32f1xx_hal_cortex.o
 .debug_aranges
                0x0000000000000488       0x58 ./Drivers/STM32F1xx_HAL_Driver/Src/stm32f1xx_hal_gpio.o
 .debug_aranges
                0x00000000000004e0       0x90 ./Drivers/STM32F1xx_HAL_Driver/Src/stm32f1xx_hal_rcc.o
 .debug_aranges
                0x0000000000000570      0x3d0 ./Drivers/STM32F1xx_HAL_Driver/Src/stm32f1xx_hal_tim.o
 .debug_aranges
                0x0000000000000940      0x168 ./Drivers/STM32F1xx_HAL_Driver/Src/stm32f1xx_hal_tim_ex.o

.debug_rnglists
                0x0000000000000000      0x7fe
 .debug_rnglists
                0x0000000000000000       0x1a ./Core/Src/button.o
 .debug_rnglists
                0x000000000000001a       0x14 ./Core/Src/fsm_automatic.o
 .debug_rnglists
                0x000000000000002e       0x14 ./Core/Src/fsm_manual.o
 .debug_rnglists
                0x0000000000000042       0x1b ./Core/Src/led7_segment.o
 .debug_rnglists
                0x000000000000005d       0x39 ./Core/Src/main.o
 .debug_rnglists
                0x0000000000000096       0x31 ./Core/Src/scheduler.o
 .debug_rnglists
                0x00000000000000c7       0x26 ./Core/Src/software_timer.o
 .debug_rnglists
                0x00000000000000ed       0x1f ./Core/Src/stm32f1xx_hal_msp.o
 .debug_rnglists
                0x000000000000010c       0x49 ./Core/Src/stm32f1xx_it.o
 .debug_rnglists
                0x0000000000000155       0x13 ./Core/Src/sysmem.o
 .debug_rnglists
                0x0000000000000168       0x1a ./Core/Src/system_stm32f1xx.o
 .debug_rnglists
                0x0000000000000182       0x1b ./Core/Src/traffic_light.o
 .debug_rnglists
                0x000000000000019d       0x19 ./Core/Startup/startup_stm32f103c6tx.o
 .debug_rnglists
                0x00000000000001b6       0xa3 ./Drivers/STM32F1xx_HAL_Driver/Src/stm32f1xx_hal.o
 .debug_rnglists
                0x0000000000000259       0xbb ./Drivers/STM32F1xx_HAL_Driver/Src/stm32f1xx_hal_cortex.o
 .debug_rnglists
                0x0000000000000314       0x3f ./Drivers/STM32F1xx_HAL_Driver/Src/stm32f1xx_hal_gpio.o
 .debug_rnglists
                0x0000000000000353       0x6c ./Drivers/STM32F1xx_HAL_Driver/Src/stm32f1xx_hal_rcc.o
 .debug_rnglists
                0x00000000000003bf      0x31a ./Drivers/STM32F1xx_HAL_Driver/Src/stm32f1xx_hal_tim.o
 .debug_rnglists
                0x00000000000006d9      0x125 ./Drivers/STM32F1xx_HAL_Driver/Src/stm32f1xx_hal_tim_ex.o

.debug_macro    0x0000000000000000    0x17dce
 .debug_macro   0x0000000000000000      0x1b5 ./Core/Src/button.o
 .debug_macro   0x00000000000001b5      0xa9c ./Core/Src/button.o
 .debug_macro   0x0000000000000c51      0x215 ./Core/Src/button.o
 .debug_macro   0x0000000000000e66       0x2e ./Core/Src/button.o
 .debug_macro   0x0000000000000e94       0x22 ./Core/Src/button.o
 .debug_macro   0x0000000000000eb6       0x22 ./Core/Src/button.o
 .debug_macro   0x0000000000000ed8       0x8e ./Core/Src/button.o
 .debug_macro   0x0000000000000f66       0x51 ./Core/Src/button.o
 .debug_macro   0x0000000000000fb7      0x103 ./Core/Src/button.o
 .debug_macro   0x00000000000010ba       0x6a ./Core/Src/button.o
 .debug_macro   0x0000000000001124      0x1df ./Core/Src/button.o
 .debug_macro   0x0000000000001303       0x1c ./Core/Src/button.o
 .debug_macro   0x000000000000131f       0x22 ./Core/Src/button.o
 .debug_macro   0x0000000000001341       0xbd ./Core/Src/button.o
 .debug_macro   0x00000000000013fe      0xd23 ./Core/Src/button.o
 .debug_macro   0x0000000000002121     0xde75 ./Core/Src/button.o
 .debug_macro   0x000000000000ff96       0x6d ./Core/Src/button.o
 .debug_macro   0x0000000000010003     0x34a2 ./Core/Src/button.o
 .debug_macro   0x00000000000134a5      0x174 ./Core/Src/button.o
 .debug_macro   0x0000000000013619       0x5c ./Core/Src/button.o
 .debug_macro   0x0000000000013675      0x5bc ./Core/Src/button.o
 .debug_macro   0x0000000000013c31      0x1b7 ./Core/Src/button.o
 .debug_macro   0x0000000000013de8      0x1cb ./Core/Src/button.o
 .debug_macro   0x0000000000013fb3      0x114 ./Core/Src/button.o
 .debug_macro   0x00000000000140c7      0x1b2 ./Core/Src/button.o
 .debug_macro   0x0000000000014279       0x27 ./Core/Src/button.o
 .debug_macro   0x00000000000142a0      0x12f ./Core/Src/button.o
 .debug_macro   0x00000000000143cf      0x1bc ./Core/Src/button.o
 .debug_macro   0x000000000001458b       0x34 ./Core/Src/button.o
 .debug_macro   0x00000000000145bf       0x3c ./Core/Src/button.o
 .debug_macro   0x00000000000145fb       0x57 ./Core/Src/button.o
 .debug_macro   0x0000000000014652       0x87 ./Core/Src/button.o
 .debug_macro   0x00000000000146d9      0x183 ./Core/Src/button.o
 .debug_macro   0x000000000001485c      0x140 ./Core/Src/button.o
 .debug_macro   0x000000000001499c      0x8ed ./Core/Src/button.o
 .debug_macro   0x0000000000015289       0x69 ./Core/Src/button.o
 .debug_macro   0x00000000000152f2      0x154 ./Core/Src/button.o
 .debug_macro   0x0000000000015446       0x16 ./Core/Src/button.o
 .debug_macro   0x000000000001545c      0x1e6 ./Core/Src/fsm_automatic.o
 .debug_macro   0x0000000000015642       0x52 ./Core/Src/fsm_automatic.o
 .debug_macro   0x0000000000015694      0x1e6 ./Core/Src/fsm_manual.o
 .debug_macro   0x000000000001587a      0x1dc ./Core/Src/global.o
 .debug_macro   0x0000000000015a56      0x1b0 ./Core/Src/led7_segment.o
 .debug_macro   0x0000000000015c06      0x2ca ./Core/Src/main.o
 .debug_macro   0x0000000000015ed0       0x24 ./Core/Src/main.o
 .debug_macro   0x0000000000015ef4       0x61 ./Core/Src/main.o
 .debug_macro   0x0000000000015f55       0x43 ./Core/Src/main.o
 .debug_macro   0x0000000000015f98       0x34 ./Core/Src/main.o
 .debug_macro   0x0000000000015fcc       0x16 ./Core/Src/main.o
 .debug_macro   0x0000000000015fe2       0x35 ./Core/Src/main.o
 .debug_macro   0x0000000000016017       0x16 ./Core/Src/main.o
 .debug_macro   0x000000000001602d       0x43 ./Core/Src/main.o
 .debug_macro   0x0000000000016070       0x34 ./Core/Src/main.o
 .debug_macro   0x00000000000160a4       0x10 ./Core/Src/main.o
 .debug_macro   0x00000000000160b4       0x58 ./Core/Src/main.o
 .debug_macro   0x000000000001610c       0x8e ./Core/Src/main.o
 .debug_macro   0x000000000001619a       0x1c ./Core/Src/main.o
 .debug_macro   0x00000000000161b6      0x177 ./Core/Src/main.o
 .debug_macro   0x000000000001632d      0x369 ./Core/Src/main.o
 .debug_macro   0x0000000000016696       0x16 ./Core/Src/main.o
 .debug_macro   0x00000000000166ac       0x29 ./Core/Src/main.o
 .debug_macro   0x00000000000166d5      0x13f ./Core/Src/scheduler.o
 .debug_macro   0x0000000000016814      0x10e ./Core/Src/scheduler.o
 .debug_macro   0x0000000000016922       0x8d ./Core/Src/scheduler.o
 .debug_macro   0x00000000000169af       0x1b ./Core/Src/software_timer.o
 .debug_macro   0x00000000000169ca      0x1a6 ./Core/Src/stm32f1xx_hal_msp.o
 .debug_macro   0x0000000000016b70      0x1b0 ./Core/Src/stm32f1xx_it.o
 .debug_macro   0x0000000000016d20       0xff ./Core/Src/sysmem.o
 .debug_macro   0x0000000000016e1f      0x23c ./Core/Src/sysmem.o
 .debug_macro   0x000000000001705b      0x197 ./Core/Src/system_stm32f1xx.o
 .debug_macro   0x00000000000171f2      0x1b0 ./Core/Src/traffic_light.o
 .debug_macro   0x00000000000173a2      0x1bb ./Drivers/STM32F1xx_HAL_Driver/Src/stm32f1xx_hal.o
 .debug_macro   0x000000000001755d      0x197 ./Drivers/STM32F1xx_HAL_Driver/Src/stm32f1xx_hal_cortex.o
 .debug_macro   0x00000000000176f4      0x202 ./Drivers/STM32F1xx_HAL_Driver/Src/stm32f1xx_hal_gpio.o
 .debug_macro   0x00000000000178f6      0x1a9 ./Drivers/STM32F1xx_HAL_Driver/Src/stm32f1xx_hal_rcc.o
 .debug_macro   0x0000000000017a9f      0x198 ./Drivers/STM32F1xx_HAL_Driver/Src/stm32f1xx_hal_tim.o
 .debug_macro   0x0000000000017c37      0x197 ./Drivers/STM32F1xx_HAL_Driver/Src/stm32f1xx_hal_tim_ex.o

.debug_line     0x0000000000000000     0xe458
 .debug_line    0x0000000000000000      0x856 ./Core/Src/button.o
 .debug_line    0x0000000000000856      0xa0e ./Core/Src/fsm_automatic.o
 .debug_line    0x0000000000001264      0x9c9 ./Core/Src/fsm_manual.o
 .debug_line    0x0000000000001c2d      0x7c4 ./Core/Src/global.o
 .debug_line    0x00000000000023f1      0x862 ./Core/Src/led7_segment.o
 .debug_line    0x0000000000002c53      0xab4 ./Core/Src/main.o
 .debug_line    0x0000000000003707      0x78c ./Core/Src/scheduler.o
 .debug_line    0x0000000000003e93       0xf5 ./Core/Src/software_timer.o
 .debug_line    0x0000000000003f88      0x7d3 ./Core/Src/stm32f1xx_hal_msp.o
 .debug_line    0x000000000000475b      0x871 ./Core/Src/stm32f1xx_it.o
 .debug_line    0x0000000000004fcc      0x640 ./Core/Src/sysmem.o
 .debug_line    0x000000000000560c      0x815 ./Core/Src/system_stm32f1xx.o
 .debug_line    0x0000000000005e21      0x7e1 ./Core/Src/traffic_light.o
 .debug_line    0x0000000000006602       0x78 ./Core/Startup/startup_stm32f103c6tx.o
 .debug_line    0x000000000000667a      0xa42 ./Drivers/STM32F1xx_HAL_Driver/Src/stm32f1xx_hal.o
 .debug_line    0x00000000000070bc      0xc2a ./Drivers/STM32F1xx_HAL_Driver/Src/stm32f1xx_hal_cortex.o
 .debug_line    0x0000000000007ce6      0xac6 ./Drivers/STM32F1xx_HAL_Driver/Src/stm32f1xx_hal_gpio.o
 .debug_line    0x00000000000087ac      0xe4b ./Drivers/STM32F1xx_HAL_Driver/Src/stm32f1xx_hal_rcc.o
 .debug_line    0x00000000000095f7     0x3500 ./Drivers/STM32F1xx_HAL_Driver/Src/stm32f1xx_hal_tim.o
 .debug_line    0x000000000000caf7     0x1961 ./Drivers/STM32F1xx_HAL_Driver/Src/stm32f1xx_hal_tim_ex.o

.debug_str      0x0000000000000000    0x85d49
 .debug_str     0x0000000000000000    0x7f89d ./Core/Src/button.o
                                      0x7fbf1 (size before relaxing)
 .debug_str     0x000000000007f89d      0x222 ./Core/Src/fsm_automatic.o
                                      0x7fd9e (size before relaxing)
 .debug_str     0x000000000007fabf       0x9c ./Core/Src/fsm_manual.o
                                      0x7fd88 (size before relaxing)
 .debug_str     0x000000000007fb5b       0x15 ./Core/Src/global.o
                                      0x7fc2e (size before relaxing)
 .debug_str     0x000000000007fb70       0x1b ./Core/Src/led7_segment.o
                                      0x7fb65 (size before relaxing)
 .debug_str     0x000000000007fb8b     0x3986 ./Core/Src/main.o
                                      0x83735 (size before relaxing)
 .debug_str     0x0000000000083511       0xb2 ./Core/Src/scheduler.o
                                       0x7288 (size before relaxing)
 .debug_str     0x00000000000835c3       0x5f ./Core/Src/software_timer.o
                                       0x2e27 (size before relaxing)
 .debug_str     0x0000000000083622      0x300 ./Core/Src/stm32f1xx_hal_msp.o
                                      0x80325 (size before relaxing)
 .debug_str     0x0000000000083922       0xec ./Core/Src/stm32f1xx_it.o
                                      0x80060 (size before relaxing)
 .debug_str     0x0000000000083a0e      0x4dc ./Core/Src/sysmem.o
                                       0x5fe9 (size before relaxing)
 .debug_str     0x0000000000083eea       0x7e ./Core/Src/system_stm32f1xx.o
                                      0x7f6b8 (size before relaxing)
 .debug_str     0x0000000000083f68       0x22 ./Core/Src/traffic_light.o
                                      0x7fb7c (size before relaxing)
 .debug_str     0x0000000000083f8a       0x34 ./Core/Startup/startup_stm32f103c6tx.o
                                         0x53 (size before relaxing)
 .debug_str     0x0000000000083fbe      0x38e ./Drivers/STM32F1xx_HAL_Driver/Src/stm32f1xx_hal.o
                                      0x7fdb1 (size before relaxing)
 .debug_str     0x000000000008434c      0x294 ./Drivers/STM32F1xx_HAL_Driver/Src/stm32f1xx_hal_cortex.o
                                      0x7fcfd (size before relaxing)
 .debug_str     0x00000000000845e0      0x2cd ./Drivers/STM32F1xx_HAL_Driver/Src/stm32f1xx_hal_gpio.o
                                      0x7fa3e (size before relaxing)
 .debug_str     0x00000000000848ad      0x229 ./Drivers/STM32F1xx_HAL_Driver/Src/stm32f1xx_hal_rcc.o
                                      0x7fae7 (size before relaxing)
 .debug_str     0x0000000000084ad6      0xde0 ./Drivers/STM32F1xx_HAL_Driver/Src/stm32f1xx_hal_tim.o
                                      0x80ae9 (size before relaxing)
 .debug_str     0x00000000000858b6      0x493 ./Drivers/STM32F1xx_HAL_Driver/Src/stm32f1xx_hal_tim_ex.o
                                      0x802f5 (size before relaxing)

.debug_frame    0x0000000000000000     0x2c68
 .debug_frame   0x0000000000000000       0x5c ./Core/Src/button.o
 .debug_frame   0x000000000000005c       0x2c ./Core/Src/fsm_automatic.o
 .debug_frame   0x0000000000000088       0x2c ./Core/Src/fsm_manual.o
 .debug_frame   0x00000000000000b4       0x60 ./Core/Src/led7_segment.o
 .debug_frame   0x0000000000000114       0xf0 ./Core/Src/main.o
 .debug_frame   0x0000000000000204       0xe0 ./Core/Src/scheduler.o
 .debug_frame   0x00000000000002e4       0xa8 ./Core/Src/software_timer.o
 .debug_frame   0x000000000000038c       0x80 ./Core/Src/stm32f1xx_hal_msp.o
 .debug_frame   0x000000000000040c      0x120 ./Core/Src/stm32f1xx_it.o
 .debug_frame   0x000000000000052c       0x34 ./Core/Src/sysmem.o
 .debug_frame   0x0000000000000560       0x58 ./Core/Src/system_stm32f1xx.o
 .debug_frame   0x00000000000005b8       0x58 ./Core/Src/traffic_light.o
 .debug_frame   0x0000000000000610      0x334 ./Drivers/STM32F1xx_HAL_Driver/Src/stm32f1xx_hal.o
 .debug_frame   0x0000000000000944      0x428 ./Drivers/STM32F1xx_HAL_Driver/Src/stm32f1xx_hal_cortex.o
 .debug_frame   0x0000000000000d6c      0x14c ./Drivers/STM32F1xx_HAL_Driver/Src/stm32f1xx_hal_gpio.o
 .debug_frame   0x0000000000000eb8      0x218 ./Drivers/STM32F1xx_HAL_Driver/Src/stm32f1xx_hal_rcc.o
 .debug_frame   0x00000000000010d0     0x11b4 ./Drivers/STM32F1xx_HAL_Driver/Src/stm32f1xx_hal_tim.o
 .debug_frame   0x0000000000002284      0x638 ./Drivers/STM32F1xx_HAL_Driver/Src/stm32f1xx_hal_tim_ex.o
 .debug_frame   0x00000000000028bc       0x30 D:/PhanMemSTM32CUBE/PhanmemCUBEIDE+workspace/STM32CubeIDE/plugins/com.st.stm32cube.ide.mcu.externaltools.gnu-tools-for-stm32.11.3.rel1.win32_1.1.100.202309141235/tools/bin/../lib/gcc/arm-none-eabi/11.3.1/../../../../arm-none-eabi/lib/thumb/v7-m/nofp\libc_nano.a(libc_a-malloc.o)
 .debug_frame   0x00000000000028ec       0x50 D:/PhanMemSTM32CUBE/PhanmemCUBEIDE+workspace/STM32CubeIDE/plugins/com.st.stm32cube.ide.mcu.externaltools.gnu-tools-for-stm32.11.3.rel1.win32_1.1.100.202309141235/tools/bin/../lib/gcc/arm-none-eabi/11.3.1/../../../../arm-none-eabi/lib/thumb/v7-m/nofp\libc_nano.a(libc_a-mallocr.o)
 .debug_frame   0x000000000000293c       0x30 D:/PhanMemSTM32CUBE/PhanmemCUBEIDE+workspace/STM32CubeIDE/plugins/com.st.stm32cube.ide.mcu.externaltools.gnu-tools-for-stm32.11.3.rel1.win32_1.1.100.202309141235/tools/bin/../lib/gcc/arm-none-eabi/11.3.1/../../../../arm-none-eabi/lib/thumb/v7-m/nofp\libc_nano.a(libc_a-mlock.o)
 .debug_frame   0x000000000000296c      0x144 D:/PhanMemSTM32CUBE/PhanmemCUBEIDE+workspace/STM32CubeIDE/plugins/com.st.stm32cube.ide.mcu.externaltools.gnu-tools-for-stm32.11.3.rel1.win32_1.1.100.202309141235/tools/bin/../lib/gcc/arm-none-eabi/11.3.1/../../../../arm-none-eabi/lib/thumb/v7-m/nofp\libc_nano.a(libc_a-findfp.o)
 .debug_frame   0x0000000000002ab0       0x20 D:/PhanMemSTM32CUBE/PhanmemCUBEIDE+workspace/STM32CubeIDE/plugins/com.st.stm32cube.ide.mcu.externaltools.gnu-tools-for-stm32.11.3.rel1.win32_1.1.100.202309141235/tools/bin/../lib/gcc/arm-none-eabi/11.3.1/../../../../arm-none-eabi/lib/thumb/v7-m/nofp\libc_nano.a(libc_a-memset.o)
 .debug_frame   0x0000000000002ad0       0x38 D:/PhanMemSTM32CUBE/PhanmemCUBEIDE+workspace/STM32CubeIDE/plugins/com.st.stm32cube.ide.mcu.externaltools.gnu-tools-for-stm32.11.3.rel1.win32_1.1.100.202309141235/tools/bin/../lib/gcc/arm-none-eabi/11.3.1/../../../../arm-none-eabi/lib/thumb/v7-m/nofp\libc_nano.a(libc_a-reent.o)
 .debug_frame   0x0000000000002b08       0x2c D:/PhanMemSTM32CUBE/PhanmemCUBEIDE+workspace/STM32CubeIDE/plugins/com.st.stm32cube.ide.mcu.externaltools.gnu-tools-for-stm32.11.3.rel1.win32_1.1.100.202309141235/tools/bin/../lib/gcc/arm-none-eabi/11.3.1/../../../../arm-none-eabi/lib/thumb/v7-m/nofp\libc_nano.a(libc_a-sbrkr.o)
 .debug_frame   0x0000000000002b34       0x20 D:/PhanMemSTM32CUBE/PhanmemCUBEIDE+workspace/STM32CubeIDE/plugins/com.st.stm32cube.ide.mcu.externaltools.gnu-tools-for-stm32.11.3.rel1.win32_1.1.100.202309141235/tools/bin/../lib/gcc/arm-none-eabi/11.3.1/../../../../arm-none-eabi/lib/thumb/v7-m/nofp\libc_nano.a(libc_a-errno.o)
 .debug_frame   0x0000000000002b54       0x2c D:/PhanMemSTM32CUBE/PhanmemCUBEIDE+workspace/STM32CubeIDE/plugins/com.st.stm32cube.ide.mcu.externaltools.gnu-tools-for-stm32.11.3.rel1.win32_1.1.100.202309141235/tools/bin/../lib/gcc/arm-none-eabi/11.3.1/../../../../arm-none-eabi/lib/thumb/v7-m/nofp\libc_nano.a(libc_a-init.o)
 .debug_frame   0x0000000000002b80       0xb0 D:/PhanMemSTM32CUBE/PhanmemCUBEIDE+workspace/STM32CubeIDE/plugins/com.st.stm32cube.ide.mcu.externaltools.gnu-tools-for-stm32.11.3.rel1.win32_1.1.100.202309141235/tools/bin/../lib/gcc/arm-none-eabi/11.3.1/../../../../arm-none-eabi/lib/thumb/v7-m/nofp\libc_nano.a(libc_a-lock.o)
 .debug_frame   0x0000000000002c30       0x38 D:/PhanMemSTM32CUBE/PhanmemCUBEIDE+workspace/STM32CubeIDE/plugins/com.st.stm32cube.ide.mcu.externaltools.gnu-tools-for-stm32.11.3.rel1.win32_1.1.100.202309141235/tools/bin/../lib/gcc/arm-none-eabi/11.3.1/../../../../arm-none-eabi/lib/thumb/v7-m/nofp\libc_nano.a(libc_a-freer.o)

.debug_line_str
                0x0000000000000000       0x47
 .debug_line_str
                0x0000000000000000       0x47 ./Core/Startup/startup_stm32f103c6tx.o
                                         0x5f (size before relaxing)
